Archive member included to satisfy reference by file (symbol)

../../common//libstmcommon.a(system_stm32f4xx.o)
                              ../../common/as/startup_stm32f40_41xxx.o (SystemInit)
../../stm_spl//libstm_spl.a(stm32f4xx_gpio.o)
                              main.o (GPIO_Init)
../../stm_spl//libstm_spl.a(stm32f4xx_tim.o)
                              main.o (TIM_TimeBaseInit)
../../stm_spl//libstm_spl.a(stm32f4xx_exti.o)
                              main.o (EXTI_Init)
../../stm_spl//libstm_spl.a(stm32f4xx_i2c.o)
                              main.o (I2C_DeInit)
../../stm_spl//libstm_spl.a(stm32f4xx_rcc.o)
                              main.o (RCC_DeInit)
../../stm_spl//libstm_spl.a(misc.o)
                              main.o (NVIC_Init)
../../stm_spl//libstm_spl.a(stm32f4xx_syscfg.o)
                              main.o (SYSCFG_EXTILineConfig)
../../stm_spl//libstm_spl.a(stm32f4xx_spi.o)
                              main.o (SPI_I2S_DeInit)

Discarded input sections

 .text          0x0000000000000000        0x0 main.o
 .data          0x0000000000000000        0x0 main.o
 .bss           0x0000000000000000        0x0 main.o
 .text          0x0000000000000000       0x14 ../../common/as/startup_stm32f40_41xxx.o
 .data          0x0000000000000000        0x0 ../../common/as/startup_stm32f40_41xxx.o
 .bss           0x0000000000000000        0x0 ../../common/as/startup_stm32f40_41xxx.o
 .text          0x0000000000000000        0x0 ../../common//libstmcommon.a(system_stm32f4xx.o)
 .data          0x0000000000000000        0x0 ../../common//libstmcommon.a(system_stm32f4xx.o)
 .bss           0x0000000000000000        0x0 ../../common//libstmcommon.a(system_stm32f4xx.o)
 .data.SystemCoreClock
                0x0000000000000000        0x4 ../../common//libstmcommon.a(system_stm32f4xx.o)
 .data.AHBPrescTable
                0x0000000000000000       0x10 ../../common//libstmcommon.a(system_stm32f4xx.o)
 .text.SystemCoreClockUpdate
                0x0000000000000000       0xf8 ../../common//libstmcommon.a(system_stm32f4xx.o)
 .text          0x0000000000000000        0x0 ../../stm_spl//libstm_spl.a(stm32f4xx_gpio.o)
 .data          0x0000000000000000        0x0 ../../stm_spl//libstm_spl.a(stm32f4xx_gpio.o)
 .bss           0x0000000000000000        0x0 ../../stm_spl//libstm_spl.a(stm32f4xx_gpio.o)
 .text.GPIO_DeInit
                0x0000000000000000      0x164 ../../stm_spl//libstm_spl.a(stm32f4xx_gpio.o)
 .text.GPIO_PinLockConfig
                0x0000000000000000       0x44 ../../stm_spl//libstm_spl.a(stm32f4xx_gpio.o)
 .text.GPIO_ReadInputDataBit
                0x0000000000000000       0x34 ../../stm_spl//libstm_spl.a(stm32f4xx_gpio.o)
 .text.GPIO_ReadInputData
                0x0000000000000000       0x1a ../../stm_spl//libstm_spl.a(stm32f4xx_gpio.o)
 .text.GPIO_ReadOutputDataBit
                0x0000000000000000       0x34 ../../stm_spl//libstm_spl.a(stm32f4xx_gpio.o)
 .text.GPIO_ReadOutputData
                0x0000000000000000       0x1a ../../stm_spl//libstm_spl.a(stm32f4xx_gpio.o)
 .text.GPIO_WriteBit
                0x0000000000000000       0x30 ../../stm_spl//libstm_spl.a(stm32f4xx_gpio.o)
 .text.GPIO_Write
                0x0000000000000000       0x1e ../../stm_spl//libstm_spl.a(stm32f4xx_gpio.o)
 .text.GPIO_ToggleBits
                0x0000000000000000       0x24 ../../stm_spl//libstm_spl.a(stm32f4xx_gpio.o)
 .text          0x0000000000000000        0x0 ../../stm_spl//libstm_spl.a(stm32f4xx_tim.o)
 .data          0x0000000000000000        0x0 ../../stm_spl//libstm_spl.a(stm32f4xx_tim.o)
 .bss           0x0000000000000000        0x0 ../../stm_spl//libstm_spl.a(stm32f4xx_tim.o)
 .text.TIM_DeInit
                0x0000000000000000      0x1c0 ../../stm_spl//libstm_spl.a(stm32f4xx_tim.o)
 .text.TIM_PrescalerConfig
                0x0000000000000000       0x28 ../../stm_spl//libstm_spl.a(stm32f4xx_tim.o)
 .text.TIM_CounterModeConfig
                0x0000000000000000       0x38 ../../stm_spl//libstm_spl.a(stm32f4xx_tim.o)
 .text.TIM_SetCounter
                0x0000000000000000       0x1c ../../stm_spl//libstm_spl.a(stm32f4xx_tim.o)
 .text.TIM_SetAutoreload
                0x0000000000000000       0x1c ../../stm_spl//libstm_spl.a(stm32f4xx_tim.o)
 .text.TIM_GetCounter
                0x0000000000000000       0x18 ../../stm_spl//libstm_spl.a(stm32f4xx_tim.o)
 .text.TIM_GetPrescaler
                0x0000000000000000       0x1a ../../stm_spl//libstm_spl.a(stm32f4xx_tim.o)
 .text.TIM_UpdateDisableConfig
                0x0000000000000000       0x40 ../../stm_spl//libstm_spl.a(stm32f4xx_tim.o)
 .text.TIM_UpdateRequestConfig
                0x0000000000000000       0x40 ../../stm_spl//libstm_spl.a(stm32f4xx_tim.o)
 .text.TIM_ARRPreloadConfig
                0x0000000000000000       0x40 ../../stm_spl//libstm_spl.a(stm32f4xx_tim.o)
 .text.TIM_SelectOnePulseMode
                0x0000000000000000       0x38 ../../stm_spl//libstm_spl.a(stm32f4xx_tim.o)
 .text.TIM_SetClockDivision
                0x0000000000000000       0x38 ../../stm_spl//libstm_spl.a(stm32f4xx_tim.o)
 .text.TIM_OC1Init
                0x0000000000000000       0xf4 ../../stm_spl//libstm_spl.a(stm32f4xx_tim.o)
 .text.TIM_OC2Init
                0x0000000000000000      0x110 ../../stm_spl//libstm_spl.a(stm32f4xx_tim.o)
 .text.TIM_OC3Init
                0x0000000000000000      0x10c ../../stm_spl//libstm_spl.a(stm32f4xx_tim.o)
 .text.TIM_OC4Init
                0x0000000000000000       0xd0 ../../stm_spl//libstm_spl.a(stm32f4xx_tim.o)
 .text.TIM_OCStructInit
                0x0000000000000000       0x44 ../../stm_spl//libstm_spl.a(stm32f4xx_tim.o)
 .text.TIM_SelectOCxM
                0x0000000000000000       0xb2 ../../stm_spl//libstm_spl.a(stm32f4xx_tim.o)
 .text.TIM_SetCompare1
                0x0000000000000000       0x1c ../../stm_spl//libstm_spl.a(stm32f4xx_tim.o)
 .text.TIM_SetCompare2
                0x0000000000000000       0x1c ../../stm_spl//libstm_spl.a(stm32f4xx_tim.o)
 .text.TIM_SetCompare3
                0x0000000000000000       0x1c ../../stm_spl//libstm_spl.a(stm32f4xx_tim.o)
 .text.TIM_SetCompare4
                0x0000000000000000       0x1c ../../stm_spl//libstm_spl.a(stm32f4xx_tim.o)
 .text.TIM_ForcedOC1Config
                0x0000000000000000       0x38 ../../stm_spl//libstm_spl.a(stm32f4xx_tim.o)
 .text.TIM_ForcedOC2Config
                0x0000000000000000       0x3c ../../stm_spl//libstm_spl.a(stm32f4xx_tim.o)
 .text.TIM_ForcedOC3Config
                0x0000000000000000       0x38 ../../stm_spl//libstm_spl.a(stm32f4xx_tim.o)
 .text.TIM_ForcedOC4Config
                0x0000000000000000       0x3c ../../stm_spl//libstm_spl.a(stm32f4xx_tim.o)
 .text.TIM_OC1PreloadConfig
                0x0000000000000000       0x38 ../../stm_spl//libstm_spl.a(stm32f4xx_tim.o)
 .text.TIM_OC2PreloadConfig
                0x0000000000000000       0x3c ../../stm_spl//libstm_spl.a(stm32f4xx_tim.o)
 .text.TIM_OC3PreloadConfig
                0x0000000000000000       0x38 ../../stm_spl//libstm_spl.a(stm32f4xx_tim.o)
 .text.TIM_OC4PreloadConfig
                0x0000000000000000       0x3c ../../stm_spl//libstm_spl.a(stm32f4xx_tim.o)
 .text.TIM_OC1FastConfig
                0x0000000000000000       0x38 ../../stm_spl//libstm_spl.a(stm32f4xx_tim.o)
 .text.TIM_OC2FastConfig
                0x0000000000000000       0x3c ../../stm_spl//libstm_spl.a(stm32f4xx_tim.o)
 .text.TIM_OC3FastConfig
                0x0000000000000000       0x38 ../../stm_spl//libstm_spl.a(stm32f4xx_tim.o)
 .text.TIM_OC4FastConfig
                0x0000000000000000       0x3c ../../stm_spl//libstm_spl.a(stm32f4xx_tim.o)
 .text.TIM_ClearOC1Ref
                0x0000000000000000       0x38 ../../stm_spl//libstm_spl.a(stm32f4xx_tim.o)
 .text.TIM_ClearOC2Ref
                0x0000000000000000       0x3c ../../stm_spl//libstm_spl.a(stm32f4xx_tim.o)
 .text.TIM_ClearOC3Ref
                0x0000000000000000       0x38 ../../stm_spl//libstm_spl.a(stm32f4xx_tim.o)
 .text.TIM_ClearOC4Ref
                0x0000000000000000       0x3c ../../stm_spl//libstm_spl.a(stm32f4xx_tim.o)
 .text.TIM_OC1PolarityConfig
                0x0000000000000000       0x38 ../../stm_spl//libstm_spl.a(stm32f4xx_tim.o)
 .text.TIM_OC1NPolarityConfig
                0x0000000000000000       0x38 ../../stm_spl//libstm_spl.a(stm32f4xx_tim.o)
 .text.TIM_OC2PolarityConfig
                0x0000000000000000       0x3c ../../stm_spl//libstm_spl.a(stm32f4xx_tim.o)
 .text.TIM_OC2NPolarityConfig
                0x0000000000000000       0x3c ../../stm_spl//libstm_spl.a(stm32f4xx_tim.o)
 .text.TIM_OC3PolarityConfig
                0x0000000000000000       0x3c ../../stm_spl//libstm_spl.a(stm32f4xx_tim.o)
 .text.TIM_OC3NPolarityConfig
                0x0000000000000000       0x3c ../../stm_spl//libstm_spl.a(stm32f4xx_tim.o)
 .text.TIM_OC4PolarityConfig
                0x0000000000000000       0x3c ../../stm_spl//libstm_spl.a(stm32f4xx_tim.o)
 .text.TIM_CCxCmd
                0x0000000000000000       0x56 ../../stm_spl//libstm_spl.a(stm32f4xx_tim.o)
 .text.TIM_CCxNCmd
                0x0000000000000000       0x56 ../../stm_spl//libstm_spl.a(stm32f4xx_tim.o)
 .text.TIM_ICInit
                0x0000000000000000       0xa8 ../../stm_spl//libstm_spl.a(stm32f4xx_tim.o)
 .text.TIM_ICStructInit
                0x0000000000000000       0x32 ../../stm_spl//libstm_spl.a(stm32f4xx_tim.o)
 .text.TIM_PWMIConfig
                0x0000000000000000       0xb8 ../../stm_spl//libstm_spl.a(stm32f4xx_tim.o)
 .text.TIM_GetCapture1
                0x0000000000000000       0x18 ../../stm_spl//libstm_spl.a(stm32f4xx_tim.o)
 .text.TIM_GetCapture2
                0x0000000000000000       0x18 ../../stm_spl//libstm_spl.a(stm32f4xx_tim.o)
 .text.TIM_GetCapture3
                0x0000000000000000       0x18 ../../stm_spl//libstm_spl.a(stm32f4xx_tim.o)
 .text.TIM_GetCapture4
                0x0000000000000000       0x18 ../../stm_spl//libstm_spl.a(stm32f4xx_tim.o)
 .text.TIM_SetIC1Prescaler
                0x0000000000000000       0x38 ../../stm_spl//libstm_spl.a(stm32f4xx_tim.o)
 .text.TIM_SetIC2Prescaler
                0x0000000000000000       0x3c ../../stm_spl//libstm_spl.a(stm32f4xx_tim.o)
 .text.TIM_SetIC3Prescaler
                0x0000000000000000       0x38 ../../stm_spl//libstm_spl.a(stm32f4xx_tim.o)
 .text.TIM_SetIC4Prescaler
                0x0000000000000000       0x3c ../../stm_spl//libstm_spl.a(stm32f4xx_tim.o)
 .text.TIM_BDTRConfig
                0x0000000000000000       0x50 ../../stm_spl//libstm_spl.a(stm32f4xx_tim.o)
 .text.TIM_BDTRStructInit
                0x0000000000000000       0x3e ../../stm_spl//libstm_spl.a(stm32f4xx_tim.o)
 .text.TIM_CtrlPWMOutputs
                0x0000000000000000       0x4c ../../stm_spl//libstm_spl.a(stm32f4xx_tim.o)
 .text.TIM_SelectCOM
                0x0000000000000000       0x40 ../../stm_spl//libstm_spl.a(stm32f4xx_tim.o)
 .text.TIM_CCPreloadControl
                0x0000000000000000       0x40 ../../stm_spl//libstm_spl.a(stm32f4xx_tim.o)
 .text.TIM_GenerateEvent
                0x0000000000000000       0x1e ../../stm_spl//libstm_spl.a(stm32f4xx_tim.o)
 .text.TIM_GetFlagStatus
                0x0000000000000000       0x38 ../../stm_spl//libstm_spl.a(stm32f4xx_tim.o)
 .text.TIM_ClearFlag
                0x0000000000000000       0x22 ../../stm_spl//libstm_spl.a(stm32f4xx_tim.o)
 .text.TIM_GetITStatus
                0x0000000000000000       0x54 ../../stm_spl//libstm_spl.a(stm32f4xx_tim.o)
 .text.TIM_DMAConfig
                0x0000000000000000       0x2a ../../stm_spl//libstm_spl.a(stm32f4xx_tim.o)
 .text.TIM_DMACmd
                0x0000000000000000       0x48 ../../stm_spl//libstm_spl.a(stm32f4xx_tim.o)
 .text.TIM_SelectCCDMA
                0x0000000000000000       0x40 ../../stm_spl//libstm_spl.a(stm32f4xx_tim.o)
 .text.TIM_InternalClockConfig
                0x0000000000000000       0x24 ../../stm_spl//libstm_spl.a(stm32f4xx_tim.o)
 .text.TIM_ITRxExternalClockConfig
                0x0000000000000000       0x2e ../../stm_spl//libstm_spl.a(stm32f4xx_tim.o)
 .text.TIM_TIxExternalClockConfig
                0x0000000000000000       0x5c ../../stm_spl//libstm_spl.a(stm32f4xx_tim.o)
 .text.TIM_ETRClockMode1Config
                0x0000000000000000       0x5e ../../stm_spl//libstm_spl.a(stm32f4xx_tim.o)
 .text.TIM_ETRClockMode2Config
                0x0000000000000000       0x3e ../../stm_spl//libstm_spl.a(stm32f4xx_tim.o)
 .text.TIM_SelectInputTrigger
                0x0000000000000000       0x38 ../../stm_spl//libstm_spl.a(stm32f4xx_tim.o)
 .text.TIM_SelectOutputTrigger
                0x0000000000000000       0x38 ../../stm_spl//libstm_spl.a(stm32f4xx_tim.o)
 .text.TIM_SelectSlaveMode
                0x0000000000000000       0x38 ../../stm_spl//libstm_spl.a(stm32f4xx_tim.o)
 .text.TIM_SelectMasterSlaveMode
                0x0000000000000000       0x38 ../../stm_spl//libstm_spl.a(stm32f4xx_tim.o)
 .text.TIM_ETRConfig
                0x0000000000000000       0x54 ../../stm_spl//libstm_spl.a(stm32f4xx_tim.o)
 .text.TIM_EncoderInterfaceConfig
                0x0000000000000000       0x98 ../../stm_spl//libstm_spl.a(stm32f4xx_tim.o)
 .text.TIM_SelectHallSensor
                0x0000000000000000       0x40 ../../stm_spl//libstm_spl.a(stm32f4xx_tim.o)
 .text.TIM_RemapConfig
                0x0000000000000000       0x20 ../../stm_spl//libstm_spl.a(stm32f4xx_tim.o)
 .text.TI1_Config
                0x0000000000000000       0x86 ../../stm_spl//libstm_spl.a(stm32f4xx_tim.o)
 .text.TI2_Config
                0x0000000000000000       0x9a ../../stm_spl//libstm_spl.a(stm32f4xx_tim.o)
 .text.TI3_Config
                0x0000000000000000       0x90 ../../stm_spl//libstm_spl.a(stm32f4xx_tim.o)
 .text.TI4_Config
                0x0000000000000000       0x9e ../../stm_spl//libstm_spl.a(stm32f4xx_tim.o)
 .text          0x0000000000000000        0x0 ../../stm_spl//libstm_spl.a(stm32f4xx_exti.o)
 .data          0x0000000000000000        0x0 ../../stm_spl//libstm_spl.a(stm32f4xx_exti.o)
 .bss           0x0000000000000000        0x0 ../../stm_spl//libstm_spl.a(stm32f4xx_exti.o)
 .text.EXTI_DeInit
                0x0000000000000000       0x34 ../../stm_spl//libstm_spl.a(stm32f4xx_exti.o)
 .text.EXTI_GenerateSWInterrupt
                0x0000000000000000       0x24 ../../stm_spl//libstm_spl.a(stm32f4xx_exti.o)
 .text.EXTI_GetFlagStatus
                0x0000000000000000       0x34 ../../stm_spl//libstm_spl.a(stm32f4xx_exti.o)
 .text.EXTI_ClearFlag
                0x0000000000000000       0x20 ../../stm_spl//libstm_spl.a(stm32f4xx_exti.o)
 .text          0x0000000000000000        0x0 ../../stm_spl//libstm_spl.a(stm32f4xx_i2c.o)
 .data          0x0000000000000000        0x0 ../../stm_spl//libstm_spl.a(stm32f4xx_i2c.o)
 .bss           0x0000000000000000        0x0 ../../stm_spl//libstm_spl.a(stm32f4xx_i2c.o)
 .text.I2C_StructInit
                0x0000000000000000       0x3e ../../stm_spl//libstm_spl.a(stm32f4xx_i2c.o)
 .text.I2C_AnalogFilterCmd
                0x0000000000000000       0x40 ../../stm_spl//libstm_spl.a(stm32f4xx_i2c.o)
 .text.I2C_DigitalFilterConfig
                0x0000000000000000       0x44 ../../stm_spl//libstm_spl.a(stm32f4xx_i2c.o)
 .text.I2C_AcknowledgeConfig
                0x0000000000000000       0x40 ../../stm_spl//libstm_spl.a(stm32f4xx_i2c.o)
 .text.I2C_OwnAddress2Config
                0x0000000000000000       0x44 ../../stm_spl//libstm_spl.a(stm32f4xx_i2c.o)
 .text.I2C_DualAddressCmd
                0x0000000000000000       0x40 ../../stm_spl//libstm_spl.a(stm32f4xx_i2c.o)
 .text.I2C_GeneralCallCmd
                0x0000000000000000       0x40 ../../stm_spl//libstm_spl.a(stm32f4xx_i2c.o)
 .text.I2C_SoftwareResetCmd
                0x0000000000000000       0x44 ../../stm_spl//libstm_spl.a(stm32f4xx_i2c.o)
 .text.I2C_StretchClockCmd
                0x0000000000000000       0x40 ../../stm_spl//libstm_spl.a(stm32f4xx_i2c.o)
 .text.I2C_FastModeDutyCycleConfig
                0x0000000000000000       0x42 ../../stm_spl//libstm_spl.a(stm32f4xx_i2c.o)
 .text.I2C_NACKPositionConfig
                0x0000000000000000       0x42 ../../stm_spl//libstm_spl.a(stm32f4xx_i2c.o)
 .text.I2C_SMBusAlertConfig
                0x0000000000000000       0x42 ../../stm_spl//libstm_spl.a(stm32f4xx_i2c.o)
 .text.I2C_ARPCmd
                0x0000000000000000       0x40 ../../stm_spl//libstm_spl.a(stm32f4xx_i2c.o)
 .text.I2C_ReceiveData
                0x0000000000000000       0x1c ../../stm_spl//libstm_spl.a(stm32f4xx_i2c.o)
 .text.I2C_TransmitPEC
                0x0000000000000000       0x40 ../../stm_spl//libstm_spl.a(stm32f4xx_i2c.o)
 .text.I2C_PECPositionConfig
                0x0000000000000000       0x42 ../../stm_spl//libstm_spl.a(stm32f4xx_i2c.o)
 .text.I2C_CalculatePEC
                0x0000000000000000       0x40 ../../stm_spl//libstm_spl.a(stm32f4xx_i2c.o)
 .text.I2C_GetPEC
                0x0000000000000000       0x20 ../../stm_spl//libstm_spl.a(stm32f4xx_i2c.o)
 .text.I2C_DMACmd
                0x0000000000000000       0x40 ../../stm_spl//libstm_spl.a(stm32f4xx_i2c.o)
 .text.I2C_DMALastTransferCmd
                0x0000000000000000       0x40 ../../stm_spl//libstm_spl.a(stm32f4xx_i2c.o)
 .text.I2C_ReadRegister
                0x0000000000000000       0x2e ../../stm_spl//libstm_spl.a(stm32f4xx_i2c.o)
 .text.I2C_ITConfig
                0x0000000000000000       0x48 ../../stm_spl//libstm_spl.a(stm32f4xx_i2c.o)
 .text.I2C_GetLastEvent
                0x0000000000000000       0x44 ../../stm_spl//libstm_spl.a(stm32f4xx_i2c.o)
 .text.I2C_ClearFlag
                0x0000000000000000       0x2e ../../stm_spl//libstm_spl.a(stm32f4xx_i2c.o)
 .text.I2C_GetITStatus
                0x0000000000000000       0x5a ../../stm_spl//libstm_spl.a(stm32f4xx_i2c.o)
 .text.I2C_ClearITPendingBit
                0x0000000000000000       0x2e ../../stm_spl//libstm_spl.a(stm32f4xx_i2c.o)
 .text          0x0000000000000000        0x0 ../../stm_spl//libstm_spl.a(stm32f4xx_rcc.o)
 .data          0x0000000000000000        0x0 ../../stm_spl//libstm_spl.a(stm32f4xx_rcc.o)
 .bss           0x0000000000000000        0x0 ../../stm_spl//libstm_spl.a(stm32f4xx_rcc.o)
 .text.RCC_AdjustHSICalibrationValue
                0x0000000000000000       0x3c ../../stm_spl//libstm_spl.a(stm32f4xx_rcc.o)
 .text.RCC_HSICmd
                0x0000000000000000       0x20 ../../stm_spl//libstm_spl.a(stm32f4xx_rcc.o)
 .text.RCC_LSEConfig
                0x0000000000000000       0x44 ../../stm_spl//libstm_spl.a(stm32f4xx_rcc.o)
 .text.RCC_LSICmd
                0x0000000000000000       0x20 ../../stm_spl//libstm_spl.a(stm32f4xx_rcc.o)
 .text.RCC_PLLI2SConfig
                0x0000000000000000       0x2c ../../stm_spl//libstm_spl.a(stm32f4xx_rcc.o)
 .text.RCC_PLLSAIConfig
                0x0000000000000000       0x34 ../../stm_spl//libstm_spl.a(stm32f4xx_rcc.o)
 .text.RCC_PLLSAICmd
                0x0000000000000000       0x20 ../../stm_spl//libstm_spl.a(stm32f4xx_rcc.o)
 .text.RCC_ClockSecuritySystemCmd
                0x0000000000000000       0x20 ../../stm_spl//libstm_spl.a(stm32f4xx_rcc.o)
 .text.RCC_MCO1Config
                0x0000000000000000       0x40 ../../stm_spl//libstm_spl.a(stm32f4xx_rcc.o)
 .text.RCC_MCO2Config
                0x0000000000000000       0x40 ../../stm_spl//libstm_spl.a(stm32f4xx_rcc.o)
 .text.RCC_HCLKConfig
                0x0000000000000000       0x38 ../../stm_spl//libstm_spl.a(stm32f4xx_rcc.o)
 .text.RCC_PCLK1Config
                0x0000000000000000       0x38 ../../stm_spl//libstm_spl.a(stm32f4xx_rcc.o)
 .text.RCC_PCLK2Config
                0x0000000000000000       0x3c ../../stm_spl//libstm_spl.a(stm32f4xx_rcc.o)
 .text.RCC_RTCCLKConfig
                0x0000000000000000       0x5c ../../stm_spl//libstm_spl.a(stm32f4xx_rcc.o)
 .text.RCC_RTCCLKCmd
                0x0000000000000000       0x20 ../../stm_spl//libstm_spl.a(stm32f4xx_rcc.o)
 .text.RCC_BackupResetCmd
                0x0000000000000000       0x20 ../../stm_spl//libstm_spl.a(stm32f4xx_rcc.o)
 .text.RCC_I2SCLKConfig
                0x0000000000000000       0x20 ../../stm_spl//libstm_spl.a(stm32f4xx_rcc.o)
 .text.RCC_SAIBlockACLKConfig
                0x0000000000000000       0x3c ../../stm_spl//libstm_spl.a(stm32f4xx_rcc.o)
 .text.RCC_SAIBlockBCLKConfig
                0x0000000000000000       0x3c ../../stm_spl//libstm_spl.a(stm32f4xx_rcc.o)
 .text.RCC_SAIPLLI2SClkDivConfig
                0x0000000000000000       0x40 ../../stm_spl//libstm_spl.a(stm32f4xx_rcc.o)
 .text.RCC_SAIPLLSAIClkDivConfig
                0x0000000000000000       0x40 ../../stm_spl//libstm_spl.a(stm32f4xx_rcc.o)
 .text.RCC_LTDCCLKDivConfig
                0x0000000000000000       0x3c ../../stm_spl//libstm_spl.a(stm32f4xx_rcc.o)
 .text.RCC_TIMCLKPresConfig
                0x0000000000000000       0x20 ../../stm_spl//libstm_spl.a(stm32f4xx_rcc.o)
 .text.RCC_AHB2PeriphClockCmd
                0x0000000000000000       0x40 ../../stm_spl//libstm_spl.a(stm32f4xx_rcc.o)
 .text.RCC_AHB3PeriphClockCmd
                0x0000000000000000       0x40 ../../stm_spl//libstm_spl.a(stm32f4xx_rcc.o)
 .text.RCC_AHB1PeriphResetCmd
                0x0000000000000000       0x40 ../../stm_spl//libstm_spl.a(stm32f4xx_rcc.o)
 .text.RCC_AHB2PeriphResetCmd
                0x0000000000000000       0x40 ../../stm_spl//libstm_spl.a(stm32f4xx_rcc.o)
 .text.RCC_AHB3PeriphResetCmd
                0x0000000000000000       0x40 ../../stm_spl//libstm_spl.a(stm32f4xx_rcc.o)
 .text.RCC_AHB1PeriphClockLPModeCmd
                0x0000000000000000       0x40 ../../stm_spl//libstm_spl.a(stm32f4xx_rcc.o)
 .text.RCC_AHB2PeriphClockLPModeCmd
                0x0000000000000000       0x40 ../../stm_spl//libstm_spl.a(stm32f4xx_rcc.o)
 .text.RCC_AHB3PeriphClockLPModeCmd
                0x0000000000000000       0x40 ../../stm_spl//libstm_spl.a(stm32f4xx_rcc.o)
 .text.RCC_APB1PeriphClockLPModeCmd
                0x0000000000000000       0x40 ../../stm_spl//libstm_spl.a(stm32f4xx_rcc.o)
 .text.RCC_APB2PeriphClockLPModeCmd
                0x0000000000000000       0x40 ../../stm_spl//libstm_spl.a(stm32f4xx_rcc.o)
 .text.RCC_LSEModeConfig
                0x0000000000000000       0x3c ../../stm_spl//libstm_spl.a(stm32f4xx_rcc.o)
 .text.RCC_ITConfig
                0x0000000000000000       0x4c ../../stm_spl//libstm_spl.a(stm32f4xx_rcc.o)
 .text.RCC_ClearFlag
                0x0000000000000000       0x20 ../../stm_spl//libstm_spl.a(stm32f4xx_rcc.o)
 .text.RCC_GetITStatus
                0x0000000000000000       0x38 ../../stm_spl//libstm_spl.a(stm32f4xx_rcc.o)
 .text.RCC_ClearITPendingBit
                0x0000000000000000       0x20 ../../stm_spl//libstm_spl.a(stm32f4xx_rcc.o)
 .text          0x0000000000000000        0x0 ../../stm_spl//libstm_spl.a(misc.o)
 .data          0x0000000000000000        0x0 ../../stm_spl//libstm_spl.a(misc.o)
 .bss           0x0000000000000000        0x0 ../../stm_spl//libstm_spl.a(misc.o)
 .text.NVIC_PriorityGroupConfig
                0x0000000000000000       0x28 ../../stm_spl//libstm_spl.a(misc.o)
 .text.NVIC_SetVectorTable
                0x0000000000000000       0x2c ../../stm_spl//libstm_spl.a(misc.o)
 .text.NVIC_SystemLPConfig
                0x0000000000000000       0x44 ../../stm_spl//libstm_spl.a(misc.o)
 .text.SysTick_CLKSourceConfig
                0x0000000000000000       0x38 ../../stm_spl//libstm_spl.a(misc.o)
 .text          0x0000000000000000        0x0 ../../stm_spl//libstm_spl.a(stm32f4xx_syscfg.o)
 .data          0x0000000000000000        0x0 ../../stm_spl//libstm_spl.a(stm32f4xx_syscfg.o)
 .bss           0x0000000000000000        0x0 ../../stm_spl//libstm_spl.a(stm32f4xx_syscfg.o)
 .text.SYSCFG_DeInit
                0x0000000000000000       0x1c ../../stm_spl//libstm_spl.a(stm32f4xx_syscfg.o)
 .text.SYSCFG_MemoryRemapConfig
                0x0000000000000000       0x20 ../../stm_spl//libstm_spl.a(stm32f4xx_syscfg.o)
 .text.SYSCFG_MemorySwappingBank
                0x0000000000000000       0x20 ../../stm_spl//libstm_spl.a(stm32f4xx_syscfg.o)
 .text.SYSCFG_ETH_MediaInterfaceConfig
                0x0000000000000000       0x20 ../../stm_spl//libstm_spl.a(stm32f4xx_syscfg.o)
 .text.SYSCFG_CompensationCellCmd
                0x0000000000000000       0x20 ../../stm_spl//libstm_spl.a(stm32f4xx_syscfg.o)
 .text.SYSCFG_GetCompensationCellStatus
                0x0000000000000000       0x34 ../../stm_spl//libstm_spl.a(stm32f4xx_syscfg.o)
 .text          0x0000000000000000        0x0 ../../stm_spl//libstm_spl.a(stm32f4xx_spi.o)
 .data          0x0000000000000000        0x0 ../../stm_spl//libstm_spl.a(stm32f4xx_spi.o)
 .bss           0x0000000000000000        0x0 ../../stm_spl//libstm_spl.a(stm32f4xx_spi.o)
 .text.SPI_Init
                0x0000000000000000       0x88 ../../stm_spl//libstm_spl.a(stm32f4xx_spi.o)
 .text.SPI_StructInit
                0x0000000000000000       0x4a ../../stm_spl//libstm_spl.a(stm32f4xx_spi.o)
 .text.I2S_StructInit
                0x0000000000000000       0x38 ../../stm_spl//libstm_spl.a(stm32f4xx_spi.o)
 .text.SPI_Cmd  0x0000000000000000       0x40 ../../stm_spl//libstm_spl.a(stm32f4xx_spi.o)
 .text.SPI_DataSizeConfig
                0x0000000000000000       0x38 ../../stm_spl//libstm_spl.a(stm32f4xx_spi.o)
 .text.SPI_BiDirectionalLineConfig
                0x0000000000000000       0x42 ../../stm_spl//libstm_spl.a(stm32f4xx_spi.o)
 .text.SPI_NSSInternalSoftwareConfig
                0x0000000000000000       0x44 ../../stm_spl//libstm_spl.a(stm32f4xx_spi.o)
 .text.SPI_SSOutputCmd
                0x0000000000000000       0x40 ../../stm_spl//libstm_spl.a(stm32f4xx_spi.o)
 .text.SPI_TIModeCmd
                0x0000000000000000       0x40 ../../stm_spl//libstm_spl.a(stm32f4xx_spi.o)
 .text.I2S_FullDuplexConfig
                0x0000000000000000       0x9c ../../stm_spl//libstm_spl.a(stm32f4xx_spi.o)
 .text.SPI_I2S_ReceiveData
                0x0000000000000000       0x1a ../../stm_spl//libstm_spl.a(stm32f4xx_spi.o)
 .text.SPI_CalculateCRC
                0x0000000000000000       0x40 ../../stm_spl//libstm_spl.a(stm32f4xx_spi.o)
 .text.SPI_TransmitCRC
                0x0000000000000000       0x24 ../../stm_spl//libstm_spl.a(stm32f4xx_spi.o)
 .text.SPI_GetCRC
                0x0000000000000000       0x32 ../../stm_spl//libstm_spl.a(stm32f4xx_spi.o)
 .text.SPI_GetCRCPolynomial
                0x0000000000000000       0x1a ../../stm_spl//libstm_spl.a(stm32f4xx_spi.o)
 .text.SPI_I2S_DMACmd
                0x0000000000000000       0x48 ../../stm_spl//libstm_spl.a(stm32f4xx_spi.o)
 .text.SPI_I2S_ITConfig
                0x0000000000000000       0x62 ../../stm_spl//libstm_spl.a(stm32f4xx_spi.o)
 .text.SPI_I2S_ClearFlag
                0x0000000000000000       0x22 ../../stm_spl//libstm_spl.a(stm32f4xx_spi.o)
 .text.SPI_I2S_GetITStatus
                0x0000000000000000       0x76 ../../stm_spl//libstm_spl.a(stm32f4xx_spi.o)
 .text.SPI_I2S_ClearITPendingBit
                0x0000000000000000       0x34 ../../stm_spl//libstm_spl.a(stm32f4xx_spi.o)

Memory Configuration

Name             Origin             Length             Attributes
RAM              0x0000000020000000 0x0000000000020000 xrw
CCMRAM           0x0000000010000000 0x0000000000010000 xrw
FLASH            0x0000000008000000 0x0000000000100000 xr
FLASHB1          0x0000000000000000 0x0000000000000000 xr
EXTMEMB0         0x0000000000000000 0x0000000000000000 xr
EXTMEMB1         0x0000000000000000 0x0000000000000000 xr
EXTMEMB2         0x0000000000000000 0x0000000000000000 xr
EXTMEMB3         0x0000000000000000 0x0000000000000000 xr
MEMORY_ARRAY     0x0000000020002000 0x0000000000000020 xrw
*default*        0x0000000000000000 0xffffffffffffffff

Linker script and memory map

LOAD main.o
LOAD ../../common/as/startup_stm32f40_41xxx.o
START GROUP
LOAD /usr/lib/gcc/arm-none-eabi/6.3.1/../../../arm-none-eabi/lib/thumb/v7e-m/fpv4-sp/hard/libc.a
LOAD /usr/lib/gcc/arm-none-eabi/6.3.1/thumb/v7e-m/fpv4-sp/hard/libgcc.a
LOAD /usr/lib/gcc/arm-none-eabi/6.3.1/../../../arm-none-eabi/lib/thumb/v7e-m/fpv4-sp/hard/libnosys.a
END GROUP
LOAD ../../common//libstmcommon.a
LOAD ../../stm_spl//libstm_spl.a
START GROUP
LOAD /usr/lib/gcc/arm-none-eabi/6.3.1/thumb/v7e-m/fpv4-sp/hard/libgcc.a
LOAD /usr/lib/gcc/arm-none-eabi/6.3.1/../../../arm-none-eabi/lib/thumb/v7e-m/fpv4-sp/hard/libc.a
END GROUP
                0x0000000000004000                __Stack_Size = 0x4000
                [!provide]                        PROVIDE (_Stack_Size, __Stack_Size)
                0x000000002001c000                __Stack_Init = (_estack - __Stack_Size)
                [!provide]                        PROVIDE (_Stack_Init, __Stack_Init)
                0x0000000000004000                _Minimum_Stack_Size = 0x4000
                0x0000000020020000                _estack = 0x20020000

.isr_vector     0x0000000008000000      0x188
                0x0000000008000000                . = ALIGN (0x4)
 *(.isr_vector)
 .isr_vector    0x0000000008000000      0x188 ../../common/as/startup_stm32f40_41xxx.o
                0x0000000008000000                g_pfnVectors
                0x0000000008000188                . = ALIGN (0x4)

.flashtext      0x0000000008000188        0x0
                0x0000000008000188                . = ALIGN (0x4)
 *(.flashtext)
                0x0000000008000188                . = ALIGN (0x4)

.text           0x0000000008000188     0x1b4c
                0x0000000008000188                . = ALIGN (0x4)
 *(.text)
 *(.text.*)
 .text.NVIC_EnableIRQ
                0x0000000008000188       0x34 main.o
 .text.configure_buttons_0
                0x00000000080001bc       0x94 main.o
                0x00000000080001bc                configure_buttons_0
 .text.configure_buttons_1
                0x0000000008000250       0x94 main.o
                0x0000000008000250                configure_buttons_1
 .text.SetSysClockTo84
                0x00000000080002e4       0x60 main.o
                0x00000000080002e4                SetSysClockTo84
 .text.initGPIO
                0x0000000008000344       0xec main.o
                0x0000000008000344                initGPIO
 .text.initI2S  0x0000000008000430       0x48 main.o
                0x0000000008000430                initI2S
 .text.initI2C  0x0000000008000478       0x54 main.o
                0x0000000008000478                initI2C
 .text.writeI2CData
                0x00000000080004cc       0xb8 main.o
                0x00000000080004cc                writeI2CData
 .text.initCS32L22
                0x0000000008000584      0x164 main.o
                0x0000000008000584                initCS32L22
 .text.initTimer
                0x00000000080006e8       0x34 main.o
                0x00000000080006e8                initTimer
 .text.delay    0x000000000800071c       0x2a main.o
                0x000000000800071c                delay
 *fill*         0x0000000008000746        0x2 
 .text.init_board_led
                0x0000000008000748       0x68 main.o
                0x0000000008000748                init_board_led
 .text.TIM2_IRQHandler
                0x00000000080007b0       0x24 main.o
                0x00000000080007b0                TIM2_IRQHandler
 .text.EXTI0_IRQHandler
                0x00000000080007d4       0x1a main.o
                0x00000000080007d4                EXTI0_IRQHandler
 .text.EXTI1_IRQHandler
                0x00000000080007ee       0x1a main.o
                0x00000000080007ee                EXTI1_IRQHandler
 .text.main     0x0000000008000808       0xb4 main.o
                0x0000000008000808                main
 .text.Reset_Handler
                0x00000000080008bc       0x44 ../../common/as/startup_stm32f40_41xxx.o
                0x00000000080008bc                Reset_Handler
 .text.Default_Handler
                0x0000000008000900        0x2 ../../common/as/startup_stm32f40_41xxx.o
                0x0000000008000900                RTC_Alarm_IRQHandler
                0x0000000008000900                HASH_RNG_IRQHandler
                0x0000000008000900                EXTI2_IRQHandler
                0x0000000008000900                TIM8_CC_IRQHandler
                0x0000000008000900                DebugMon_Handler
                0x0000000008000900                TIM1_CC_IRQHandler
                0x0000000008000900                DMA2_Stream5_IRQHandler
                0x0000000008000900                HardFault_Handler
                0x0000000008000900                DMA1_Stream5_IRQHandler
                0x0000000008000900                SysTick_Handler
                0x0000000008000900                PVD_IRQHandler
                0x0000000008000900                SDIO_IRQHandler
                0x0000000008000900                TAMP_STAMP_IRQHandler
                0x0000000008000900                PendSV_Handler
                0x0000000008000900                NMI_Handler
                0x0000000008000900                CAN2_RX1_IRQHandler
                0x0000000008000900                EXTI3_IRQHandler
                0x0000000008000900                TIM8_TRG_COM_TIM14_IRQHandler
                0x0000000008000900                TIM1_UP_TIM10_IRQHandler
                0x0000000008000900                TIM8_UP_TIM13_IRQHandler
                0x0000000008000900                I2C3_ER_IRQHandler
                0x0000000008000900                I2C2_EV_IRQHandler
                0x0000000008000900                DMA1_Stream2_IRQHandler
                0x0000000008000900                CAN1_RX0_IRQHandler
                0x0000000008000900                FPU_IRQHandler
                0x0000000008000900                OTG_HS_WKUP_IRQHandler
                0x0000000008000900                UsageFault_Handler
                0x0000000008000900                CAN2_SCE_IRQHandler
                0x0000000008000900                DMA2_Stream2_IRQHandler
                0x0000000008000900                SPI1_IRQHandler
                0x0000000008000900                TIM6_DAC_IRQHandler
                0x0000000008000900                TIM1_BRK_TIM9_IRQHandler
                0x0000000008000900                DCMI_IRQHandler
                0x0000000008000900                CAN2_RX0_IRQHandler
                0x0000000008000900                DMA2_Stream3_IRQHandler
                0x0000000008000900                USART6_IRQHandler
                0x0000000008000900                USART3_IRQHandler
                0x0000000008000900                CRYP_IRQHandler
                0x0000000008000900                CAN1_RX1_IRQHandler
                0x0000000008000900                UART5_IRQHandler
                0x0000000008000900                DMA2_Stream0_IRQHandler
                0x0000000008000900                TIM4_IRQHandler
                0x0000000008000900                I2C1_EV_IRQHandler
                0x0000000008000900                DMA1_Stream6_IRQHandler
                0x0000000008000900                DMA1_Stream1_IRQHandler
                0x0000000008000900                UART4_IRQHandler
                0x0000000008000900                TIM3_IRQHandler
                0x0000000008000900                RCC_IRQHandler
                0x0000000008000900                TIM8_BRK_TIM12_IRQHandler
                0x0000000008000900                Default_Handler
                0x0000000008000900                EXTI15_10_IRQHandler
                0x0000000008000900                ADC_IRQHandler
                0x0000000008000900                DMA1_Stream7_IRQHandler
                0x0000000008000900                TIM7_IRQHandler
                0x0000000008000900                CAN2_TX_IRQHandler
                0x0000000008000900                TIM5_IRQHandler
                0x0000000008000900                DMA2_Stream7_IRQHandler
                0x0000000008000900                I2C3_EV_IRQHandler
                0x0000000008000900                EXTI9_5_IRQHandler
                0x0000000008000900                RTC_WKUP_IRQHandler
                0x0000000008000900                ETH_WKUP_IRQHandler
                0x0000000008000900                SPI2_IRQHandler
                0x0000000008000900                OTG_HS_EP1_IN_IRQHandler
                0x0000000008000900                MemManage_Handler
                0x0000000008000900                DMA1_Stream0_IRQHandler
                0x0000000008000900                CAN1_TX_IRQHandler
                0x0000000008000900                SVC_Handler
                0x0000000008000900                EXTI4_IRQHandler
                0x0000000008000900                FSMC_IRQHandler
                0x0000000008000900                ETH_IRQHandler
                0x0000000008000900                OTG_HS_EP1_OUT_IRQHandler
                0x0000000008000900                WWDG_IRQHandler
                0x0000000008000900                OTG_FS_WKUP_IRQHandler
                0x0000000008000900                TIM1_TRG_COM_TIM11_IRQHandler
                0x0000000008000900                OTG_HS_IRQHandler
                0x0000000008000900                USART2_IRQHandler
                0x0000000008000900                I2C2_ER_IRQHandler
                0x0000000008000900                DMA2_Stream1_IRQHandler
                0x0000000008000900                CAN1_SCE_IRQHandler
                0x0000000008000900                FLASH_IRQHandler
                0x0000000008000900                DMA2_Stream4_IRQHandler
                0x0000000008000900                BusFault_Handler
                0x0000000008000900                USART1_IRQHandler
                0x0000000008000900                OTG_FS_IRQHandler
                0x0000000008000900                SPI3_IRQHandler
                0x0000000008000900                DMA1_Stream4_IRQHandler
                0x0000000008000900                I2C1_ER_IRQHandler
                0x0000000008000900                DMA2_Stream6_IRQHandler
                0x0000000008000900                DMA1_Stream3_IRQHandler
 *fill*         0x0000000008000902        0x2 
 .text.SystemInit
                0x0000000008000904       0x6c ../../common//libstmcommon.a(system_stm32f4xx.o)
                0x0000000008000904                SystemInit
 .text.SetSysClock
                0x0000000008000970       0xf8 ../../common//libstmcommon.a(system_stm32f4xx.o)
 .text.GPIO_Init
                0x0000000008000a68      0x11c ../../stm_spl//libstm_spl.a(stm32f4xx_gpio.o)
                0x0000000008000a68                GPIO_Init
 .text.GPIO_StructInit
                0x0000000008000b84       0x34 ../../stm_spl//libstm_spl.a(stm32f4xx_gpio.o)
                0x0000000008000b84                GPIO_StructInit
 .text.GPIO_SetBits
                0x0000000008000bb8       0x1e ../../stm_spl//libstm_spl.a(stm32f4xx_gpio.o)
                0x0000000008000bb8                GPIO_SetBits
 .text.GPIO_ResetBits
                0x0000000008000bd6       0x1e ../../stm_spl//libstm_spl.a(stm32f4xx_gpio.o)
                0x0000000008000bd6                GPIO_ResetBits
 .text.GPIO_PinAFConfig
                0x0000000008000bf4       0x92 ../../stm_spl//libstm_spl.a(stm32f4xx_gpio.o)
                0x0000000008000bf4                GPIO_PinAFConfig
 *fill*         0x0000000008000c86        0x2 
 .text.TIM_TimeBaseInit
                0x0000000008000c88       0xd8 ../../stm_spl//libstm_spl.a(stm32f4xx_tim.o)
                0x0000000008000c88                TIM_TimeBaseInit
 .text.TIM_TimeBaseStructInit
                0x0000000008000d60       0x34 ../../stm_spl//libstm_spl.a(stm32f4xx_tim.o)
                0x0000000008000d60                TIM_TimeBaseStructInit
 .text.TIM_Cmd  0x0000000008000d94       0x40 ../../stm_spl//libstm_spl.a(stm32f4xx_tim.o)
                0x0000000008000d94                TIM_Cmd
 .text.TIM_ITConfig
                0x0000000008000dd4       0x48 ../../stm_spl//libstm_spl.a(stm32f4xx_tim.o)
                0x0000000008000dd4                TIM_ITConfig
 .text.TIM_ClearITPendingBit
                0x0000000008000e1c       0x22 ../../stm_spl//libstm_spl.a(stm32f4xx_tim.o)
                0x0000000008000e1c                TIM_ClearITPendingBit
 *fill*         0x0000000008000e3e        0x2 
 .text.EXTI_Init
                0x0000000008000e40       0xe4 ../../stm_spl//libstm_spl.a(stm32f4xx_exti.o)
                0x0000000008000e40                EXTI_Init
 .text.EXTI_StructInit
                0x0000000008000f24       0x2c ../../stm_spl//libstm_spl.a(stm32f4xx_exti.o)
                0x0000000008000f24                EXTI_StructInit
 .text.EXTI_GetITStatus
                0x0000000008000f50       0x34 ../../stm_spl//libstm_spl.a(stm32f4xx_exti.o)
                0x0000000008000f50                EXTI_GetITStatus
 .text.EXTI_ClearITPendingBit
                0x0000000008000f84       0x20 ../../stm_spl//libstm_spl.a(stm32f4xx_exti.o)
                0x0000000008000f84                EXTI_ClearITPendingBit
 .text.I2C_DeInit
                0x0000000008000fa4       0x74 ../../stm_spl//libstm_spl.a(stm32f4xx_i2c.o)
                0x0000000008000fa4                I2C_DeInit
 .text.I2C_Init
                0x0000000008001018      0x184 ../../stm_spl//libstm_spl.a(stm32f4xx_i2c.o)
                0x0000000008001018                I2C_Init
 .text.I2C_Cmd  0x000000000800119c       0x40 ../../stm_spl//libstm_spl.a(stm32f4xx_i2c.o)
                0x000000000800119c                I2C_Cmd
 .text.I2C_GenerateSTART
                0x00000000080011dc       0x40 ../../stm_spl//libstm_spl.a(stm32f4xx_i2c.o)
                0x00000000080011dc                I2C_GenerateSTART
 .text.I2C_GenerateSTOP
                0x000000000800121c       0x40 ../../stm_spl//libstm_spl.a(stm32f4xx_i2c.o)
                0x000000000800121c                I2C_GenerateSTOP
 .text.I2C_Send7bitAddress
                0x000000000800125c       0x3c ../../stm_spl//libstm_spl.a(stm32f4xx_i2c.o)
                0x000000000800125c                I2C_Send7bitAddress
 .text.I2C_SendData
                0x0000000008001298       0x20 ../../stm_spl//libstm_spl.a(stm32f4xx_i2c.o)
                0x0000000008001298                I2C_SendData
 .text.I2C_CheckEvent
                0x00000000080012b8       0x60 ../../stm_spl//libstm_spl.a(stm32f4xx_i2c.o)
                0x00000000080012b8                I2C_CheckEvent
 .text.I2C_GetFlagStatus
                0x0000000008001318       0x66 ../../stm_spl//libstm_spl.a(stm32f4xx_i2c.o)
                0x0000000008001318                I2C_GetFlagStatus
 *fill*         0x000000000800137e        0x2 
 .text.RCC_DeInit
                0x0000000008001380       0x70 ../../stm_spl//libstm_spl.a(stm32f4xx_rcc.o)
                0x0000000008001380                RCC_DeInit
 .text.RCC_HSEConfig
                0x00000000080013f0       0x28 ../../stm_spl//libstm_spl.a(stm32f4xx_rcc.o)
                0x00000000080013f0                RCC_HSEConfig
 .text.RCC_WaitForHSEStartUp
                0x0000000008001418       0x50 ../../stm_spl//libstm_spl.a(stm32f4xx_rcc.o)
                0x0000000008001418                RCC_WaitForHSEStartUp
 .text.RCC_PLLConfig
                0x0000000008001468       0x40 ../../stm_spl//libstm_spl.a(stm32f4xx_rcc.o)
                0x0000000008001468                RCC_PLLConfig
 .text.RCC_PLLCmd
                0x00000000080014a8       0x20 ../../stm_spl//libstm_spl.a(stm32f4xx_rcc.o)
                0x00000000080014a8                RCC_PLLCmd
 .text.RCC_PLLI2SCmd
                0x00000000080014c8       0x20 ../../stm_spl//libstm_spl.a(stm32f4xx_rcc.o)
                0x00000000080014c8                RCC_PLLI2SCmd
 .text.RCC_SYSCLKConfig
                0x00000000080014e8       0x38 ../../stm_spl//libstm_spl.a(stm32f4xx_rcc.o)
                0x00000000080014e8                RCC_SYSCLKConfig
 .text.RCC_GetSYSCLKSource
                0x0000000008001520       0x20 ../../stm_spl//libstm_spl.a(stm32f4xx_rcc.o)
                0x0000000008001520                RCC_GetSYSCLKSource
 .text.RCC_GetClocksFreq
                0x0000000008001540      0x150 ../../stm_spl//libstm_spl.a(stm32f4xx_rcc.o)
                0x0000000008001540                RCC_GetClocksFreq
 .text.RCC_AHB1PeriphClockCmd
                0x0000000008001690       0x40 ../../stm_spl//libstm_spl.a(stm32f4xx_rcc.o)
                0x0000000008001690                RCC_AHB1PeriphClockCmd
 .text.RCC_APB1PeriphClockCmd
                0x00000000080016d0       0x40 ../../stm_spl//libstm_spl.a(stm32f4xx_rcc.o)
                0x00000000080016d0                RCC_APB1PeriphClockCmd
 .text.RCC_APB2PeriphClockCmd
                0x0000000008001710       0x40 ../../stm_spl//libstm_spl.a(stm32f4xx_rcc.o)
                0x0000000008001710                RCC_APB2PeriphClockCmd
 .text.RCC_APB1PeriphResetCmd
                0x0000000008001750       0x40 ../../stm_spl//libstm_spl.a(stm32f4xx_rcc.o)
                0x0000000008001750                RCC_APB1PeriphResetCmd
 .text.RCC_APB2PeriphResetCmd
                0x0000000008001790       0x40 ../../stm_spl//libstm_spl.a(stm32f4xx_rcc.o)
                0x0000000008001790                RCC_APB2PeriphResetCmd
 .text.RCC_GetFlagStatus
                0x00000000080017d0       0x74 ../../stm_spl//libstm_spl.a(stm32f4xx_rcc.o)
                0x00000000080017d0                RCC_GetFlagStatus
 .text.NVIC_Init
                0x0000000008001844       0xc4 ../../stm_spl//libstm_spl.a(misc.o)
                0x0000000008001844                NVIC_Init
 .text.SYSCFG_EXTILineConfig
                0x0000000008001908       0x84 ../../stm_spl//libstm_spl.a(stm32f4xx_syscfg.o)
                0x0000000008001908                SYSCFG_EXTILineConfig
 .text.SPI_I2S_DeInit
                0x000000000800198c       0xdc ../../stm_spl//libstm_spl.a(stm32f4xx_spi.o)
                0x000000000800198c                SPI_I2S_DeInit
 .text.I2S_Init
                0x0000000008001a68      0x1d4 ../../stm_spl//libstm_spl.a(stm32f4xx_spi.o)
                0x0000000008001a68                I2S_Init
 .text.I2S_Cmd  0x0000000008001c3c       0x40 ../../stm_spl//libstm_spl.a(stm32f4xx_spi.o)
                0x0000000008001c3c                I2S_Cmd
 .text.SPI_I2S_SendData
                0x0000000008001c7c       0x1e ../../stm_spl//libstm_spl.a(stm32f4xx_spi.o)
                0x0000000008001c7c                SPI_I2S_SendData
 .text.SPI_I2S_GetFlagStatus
                0x0000000008001c9a       0x38 ../../stm_spl//libstm_spl.a(stm32f4xx_spi.o)
                0x0000000008001c9a                SPI_I2S_GetFlagStatus
 *(.rodata)
 *(.rodata*)
 *(.glue_7)
 .glue_7        0x0000000008001cd2        0x0 linker stubs
 *(.glue_7t)
 .glue_7t       0x0000000008001cd2        0x0 linker stubs
                0x0000000008001cd4                . = ALIGN (0x4)
 *fill*         0x0000000008001cd2        0x2 
                0x0000000008001cd4                _etext = .
                0x0000000008001cd4                _sidata = _etext

.vfp11_veneer   0x0000000008001cd4        0x0
 .vfp11_veneer  0x0000000008001cd4        0x0 linker stubs

.v4_bx          0x0000000008001cd4        0x0
 .v4_bx         0x0000000008001cd4        0x0 linker stubs

.iplt           0x0000000008001cd4        0x0
 .iplt          0x0000000008001cd4        0x0 main.o

.rel.dyn        0x0000000008001cd4        0x0
 .rel.iplt      0x0000000008001cd4        0x0 main.o

.ROarraySection
 *(.ROarraySection)

.data           0x0000000020000000       0x10 load address 0x0000000008001cd4
                0x0000000020000000                . = ALIGN (0x4)
                0x0000000020000000                _sdata = .
 *(.data)
 *(.data.*)
 .data.APBAHBPrescTable
                0x0000000020000000       0x10 ../../stm_spl//libstm_spl.a(stm32f4xx_rcc.o)
                0x0000000020000010                . = ALIGN (0x4)
                0x0000000020000010                _edata = .

.igot.plt       0x0000000020000010        0x0 load address 0x0000000008001ce4
 .igot.plt      0x0000000020000010        0x0 main.o

.bss            0x0000000020000010        0x0
                0x0000000020000010                . = ALIGN (0x4)
                0x0000000020000010                _sbss = .
 *(.bss)
 *(COMMON)
                0x0000000020000010                . = ALIGN (0x4)
                0x0000000020000010                _ebss = .
                [!provide]                        PROVIDE (end, _ebss)
                [!provide]                        PROVIDE (_end, _ebss)

.bss.gpio       0x0000000020000010        0x8 load address 0x0000000008001ce4
 .bss.gpio      0x0000000020000010        0x8 main.o
                0x0000000020000010                gpio

.bss.i2s        0x0000000020000018       0x10 load address 0x0000000008001cec
 .bss.i2s       0x0000000020000018       0x10 main.o
                0x0000000020000018                i2s

.bss.i2c        0x0000000020000028       0x10 load address 0x0000000008001cfc
 .bss.i2c       0x0000000020000028       0x10 main.o
                0x0000000020000028                i2c

.bss.timer      0x0000000020000038        0xc load address 0x0000000008001d0c
 .bss.timer     0x0000000020000038        0xc main.o
                0x0000000020000038                timer

.bss.state      0x0000000020000044        0x1 load address 0x0000000008001d18
 .bss.state     0x0000000020000044        0x1 main.o
                0x0000000020000044                state

._usrstack      0x0000000020000045     0x4003 load address 0x0000000008001d19
                0x0000000020000048                . = ALIGN (0x4)
 *fill*         0x0000000020000045        0x3 
                0x0000000020000048                _susrstack = .
                0x0000000020004048                . = (. + _Minimum_Stack_Size)
 *fill*         0x0000000020000048     0x4000 
                0x0000000020004048                . = ALIGN (0x4)
                0x0000000020004048                _eusrstack = .

.b1text
 *(.b1text)
 *(.b1rodata)
 *(.b1rodata*)

.eb0text
 *(.eb0text)
 *(.eb0rodata)
 *(.eb0rodata*)

.eb1text
 *(.eb1text)
 *(.eb1rodata)
 *(.eb1rodata*)

.eb2text
 *(.eb2text)
 *(.eb2rodata)
 *(.eb2rodata*)

.eb3text
 *(.eb3text)
 *(.eb3rodata)
 *(.eb3rodata*)

DISCARD
 libc.a(*)
 libm.a(*)
 libgcc.a(*)

.stab
 *(.stab)

.stabstr
 *(.stabstr)

.stab.excl
 *(.stab.excl)

.stab.exclstr
 *(.stab.exclstr)

.stab.index
 *(.stab.index)

.stab.indexstr
 *(.stab.indexstr)

.comment        0x0000000000000000       0x31
 *(.comment)
 .comment       0x0000000000000000       0x31 main.o
                                         0x32 (size before relaxing)
 .comment       0x0000000000000031       0x32 ../../common//libstmcommon.a(system_stm32f4xx.o)
 .comment       0x0000000000000031       0x32 ../../stm_spl//libstm_spl.a(stm32f4xx_gpio.o)
 .comment       0x0000000000000031       0x32 ../../stm_spl//libstm_spl.a(stm32f4xx_tim.o)
 .comment       0x0000000000000031       0x32 ../../stm_spl//libstm_spl.a(stm32f4xx_exti.o)
 .comment       0x0000000000000031       0x32 ../../stm_spl//libstm_spl.a(stm32f4xx_i2c.o)
 .comment       0x0000000000000031       0x32 ../../stm_spl//libstm_spl.a(stm32f4xx_rcc.o)
 .comment       0x0000000000000031       0x32 ../../stm_spl//libstm_spl.a(misc.o)
 .comment       0x0000000000000031       0x32 ../../stm_spl//libstm_spl.a(stm32f4xx_syscfg.o)
 .comment       0x0000000000000031       0x32 ../../stm_spl//libstm_spl.a(stm32f4xx_spi.o)

.ARM.attributes
                0x0000000000000000       0x37
 .ARM.attributes
                0x0000000000000000       0x39 main.o
 .ARM.attributes
                0x0000000000000039       0x21 ../../common/as/startup_stm32f40_41xxx.o
 .ARM.attributes
                0x000000000000005a       0x39 ../../common//libstmcommon.a(system_stm32f4xx.o)
 .ARM.attributes
                0x0000000000000093       0x39 ../../stm_spl//libstm_spl.a(stm32f4xx_gpio.o)
 .ARM.attributes
                0x00000000000000cc       0x39 ../../stm_spl//libstm_spl.a(stm32f4xx_tim.o)
 .ARM.attributes
                0x0000000000000105       0x39 ../../stm_spl//libstm_spl.a(stm32f4xx_exti.o)
 .ARM.attributes
                0x000000000000013e       0x39 ../../stm_spl//libstm_spl.a(stm32f4xx_i2c.o)
 .ARM.attributes
                0x0000000000000177       0x39 ../../stm_spl//libstm_spl.a(stm32f4xx_rcc.o)
 .ARM.attributes
                0x00000000000001b0       0x39 ../../stm_spl//libstm_spl.a(misc.o)
 .ARM.attributes
                0x00000000000001e9       0x39 ../../stm_spl//libstm_spl.a(stm32f4xx_syscfg.o)
 .ARM.attributes
                0x0000000000000222       0x39 ../../stm_spl//libstm_spl.a(stm32f4xx_spi.o)

.debug
 *(.debug)

.line
 *(.line)

.debug_srcinfo
 *(.debug_srcinfo)

.debug_sfnames
 *(.debug_sfnames)

.debug_aranges  0x0000000000000000      0x900
 *(.debug_aranges)
 .debug_aranges
                0x0000000000000000       0x98 main.o
 .debug_aranges
                0x0000000000000098       0x30 ../../common//libstmcommon.a(system_stm32f4xx.o)
 .debug_aranges
                0x00000000000000c8       0x88 ../../stm_spl//libstm_spl.a(stm32f4xx_gpio.o)
 .debug_aranges
                0x0000000000000150      0x2f8 ../../stm_spl//libstm_spl.a(stm32f4xx_tim.o)
 .debug_aranges
                0x0000000000000448       0x58 ../../stm_spl//libstm_spl.a(stm32f4xx_exti.o)
 .debug_aranges
                0x00000000000004a0      0x130 ../../stm_spl//libstm_spl.a(stm32f4xx_i2c.o)
 .debug_aranges
                0x00000000000005d0      0x1c0 ../../stm_spl//libstm_spl.a(stm32f4xx_rcc.o)
 .debug_aranges
                0x0000000000000790       0x40 ../../stm_spl//libstm_spl.a(misc.o)
 .debug_aranges
                0x00000000000007d0       0x50 ../../stm_spl//libstm_spl.a(stm32f4xx_syscfg.o)
 .debug_aranges
                0x0000000000000820       0xe0 ../../stm_spl//libstm_spl.a(stm32f4xx_spi.o)

.debug_pubnames
 *(.debug_pubnames)

.debug_info     0x0000000000000000     0x685e
 *(.debug_info .gnu.linkonce.wi.*)
 .debug_info    0x0000000000000000      0xf13 main.o
 .debug_info    0x0000000000000f13      0x611 ../../common//libstmcommon.a(system_stm32f4xx.o)
 .debug_info    0x0000000000001524      0x628 ../../stm_spl//libstm_spl.a(stm32f4xx_gpio.o)
 .debug_info    0x0000000000001b4c     0x1c74 ../../stm_spl//libstm_spl.a(stm32f4xx_tim.o)
 .debug_info    0x00000000000037c0      0x357 ../../stm_spl//libstm_spl.a(stm32f4xx_exti.o)
 .debug_info    0x0000000000003b17      0xb9e ../../stm_spl//libstm_spl.a(stm32f4xx_i2c.o)
 .debug_info    0x00000000000046b5      0xe67 ../../stm_spl//libstm_spl.a(stm32f4xx_rcc.o)
 .debug_info    0x000000000000551c      0x54d ../../stm_spl//libstm_spl.a(misc.o)
 .debug_info    0x0000000000005a69      0x2a7 ../../stm_spl//libstm_spl.a(stm32f4xx_syscfg.o)
 .debug_info    0x0000000000005d10      0xb4e ../../stm_spl//libstm_spl.a(stm32f4xx_spi.o)

.debug_abbrev   0x0000000000000000     0x1099
 *(.debug_abbrev)
 .debug_abbrev  0x0000000000000000      0x2a1 main.o
 .debug_abbrev  0x00000000000002a1      0x158 ../../common//libstmcommon.a(system_stm32f4xx.o)
 .debug_abbrev  0x00000000000003f9      0x1b8 ../../stm_spl//libstm_spl.a(stm32f4xx_gpio.o)
 .debug_abbrev  0x00000000000005b1      0x19a ../../stm_spl//libstm_spl.a(stm32f4xx_tim.o)
 .debug_abbrev  0x000000000000074b      0x1bc ../../stm_spl//libstm_spl.a(stm32f4xx_exti.o)
 .debug_abbrev  0x0000000000000907      0x191 ../../stm_spl//libstm_spl.a(stm32f4xx_i2c.o)
 .debug_abbrev  0x0000000000000a98      0x1cf ../../stm_spl//libstm_spl.a(stm32f4xx_rcc.o)
 .debug_abbrev  0x0000000000000c67      0x172 ../../stm_spl//libstm_spl.a(misc.o)
 .debug_abbrev  0x0000000000000dd9      0x146 ../../stm_spl//libstm_spl.a(stm32f4xx_syscfg.o)
 .debug_abbrev  0x0000000000000f1f      0x17a ../../stm_spl//libstm_spl.a(stm32f4xx_spi.o)

.debug_line     0x0000000000000000     0x249f
 *(.debug_line)
 .debug_line    0x0000000000000000      0x3f7 main.o
 .debug_line    0x00000000000003f7      0x176 ../../common//libstmcommon.a(system_stm32f4xx.o)
 .debug_line    0x000000000000056d      0x2b0 ../../stm_spl//libstm_spl.a(stm32f4xx_gpio.o)
 .debug_line    0x000000000000081d      0xa01 ../../stm_spl//libstm_spl.a(stm32f4xx_tim.o)
 .debug_line    0x000000000000121e      0x1d8 ../../stm_spl//libstm_spl.a(stm32f4xx_exti.o)
 .debug_line    0x00000000000013f6      0x456 ../../stm_spl//libstm_spl.a(stm32f4xx_i2c.o)
 .debug_line    0x000000000000184c      0x5a3 ../../stm_spl//libstm_spl.a(stm32f4xx_rcc.o)
 .debug_line    0x0000000000001def      0x17e ../../stm_spl//libstm_spl.a(misc.o)
 .debug_line    0x0000000000001f6d      0x17e ../../stm_spl//libstm_spl.a(stm32f4xx_syscfg.o)
 .debug_line    0x00000000000020eb      0x3b4 ../../stm_spl//libstm_spl.a(stm32f4xx_spi.o)

.debug_frame    0x0000000000000000     0x2814
 *(.debug_frame)
 .debug_frame   0x0000000000000000      0x21c main.o
 .debug_frame   0x000000000000021c       0x7c ../../common//libstmcommon.a(system_stm32f4xx.o)
 .debug_frame   0x0000000000000298      0x23c ../../stm_spl//libstm_spl.a(stm32f4xx_gpio.o)
 .debug_frame   0x00000000000004d4      0xe54 ../../stm_spl//libstm_spl.a(stm32f4xx_tim.o)
 .debug_frame   0x0000000000001328      0x148 ../../stm_spl//libstm_spl.a(stm32f4xx_exti.o)
 .debug_frame   0x0000000000001470      0x580 ../../stm_spl//libstm_spl.a(stm32f4xx_i2c.o)
 .debug_frame   0x00000000000019f0      0x83c ../../stm_spl//libstm_spl.a(stm32f4xx_rcc.o)
 .debug_frame   0x000000000000222c       0xd8 ../../stm_spl//libstm_spl.a(misc.o)
 .debug_frame   0x0000000000002304      0x11c ../../stm_spl//libstm_spl.a(stm32f4xx_syscfg.o)
 .debug_frame   0x0000000000002420      0x3f4 ../../stm_spl//libstm_spl.a(stm32f4xx_spi.o)

.debug_str      0x0000000000000000     0x2bb1
 *(.debug_str)
 .debug_str     0x0000000000000000      0xd80 main.o
                                        0xde9 (size before relaxing)
 .debug_str     0x0000000000000d80      0x208 ../../common//libstmcommon.a(system_stm32f4xx.o)
                                        0x3eb (size before relaxing)
 .debug_str     0x0000000000000f88      0x1b4 ../../stm_spl//libstm_spl.a(stm32f4xx_gpio.o)
                                        0x4ca (size before relaxing)
 .debug_str     0x000000000000113c      0xa64 ../../stm_spl//libstm_spl.a(stm32f4xx_tim.o)
                                        0xdfa (size before relaxing)
 .debug_str     0x0000000000001ba0       0xd5 ../../stm_spl//libstm_spl.a(stm32f4xx_exti.o)
                                        0x376 (size before relaxing)
 .debug_str     0x0000000000001c75      0x3cc ../../stm_spl//libstm_spl.a(stm32f4xx_i2c.o)
                                        0x6dc (size before relaxing)
 .debug_str     0x0000000000002041      0x61f ../../stm_spl//libstm_spl.a(stm32f4xx_rcc.o)
                                        0x9ec (size before relaxing)
 .debug_str     0x0000000000002660      0x105 ../../stm_spl//libstm_spl.a(misc.o)
                                        0x3f8 (size before relaxing)
 .debug_str     0x0000000000002765      0x152 ../../stm_spl//libstm_spl.a(stm32f4xx_syscfg.o)
                                        0x338 (size before relaxing)
 .debug_str     0x00000000000028b7      0x2fa ../../stm_spl//libstm_spl.a(stm32f4xx_spi.o)
                                        0x6d9 (size before relaxing)

.debug_loc
 *(.debug_loc)

.debug_macinfo
 *(.debug_macinfo)

.debug_weaknames
 *(.debug_weaknames)

.debug_funcnames
 *(.debug_funcnames)

.debug_typenames
 *(.debug_typenames)

.debug_varnames
 *(.debug_varnames)
OUTPUT(main.elf elf32-littlearm)

.debug_ranges   0x0000000000000000      0x860
 .debug_ranges  0x0000000000000000       0x88 main.o
 .debug_ranges  0x0000000000000088       0x20 ../../common//libstmcommon.a(system_stm32f4xx.o)
 .debug_ranges  0x00000000000000a8       0x78 ../../stm_spl//libstm_spl.a(stm32f4xx_gpio.o)
 .debug_ranges  0x0000000000000120      0x2e8 ../../stm_spl//libstm_spl.a(stm32f4xx_tim.o)
 .debug_ranges  0x0000000000000408       0x48 ../../stm_spl//libstm_spl.a(stm32f4xx_exti.o)
 .debug_ranges  0x0000000000000450      0x120 ../../stm_spl//libstm_spl.a(stm32f4xx_i2c.o)
 .debug_ranges  0x0000000000000570      0x1b0 ../../stm_spl//libstm_spl.a(stm32f4xx_rcc.o)
 .debug_ranges  0x0000000000000720       0x30 ../../stm_spl//libstm_spl.a(misc.o)
 .debug_ranges  0x0000000000000750       0x40 ../../stm_spl//libstm_spl.a(stm32f4xx_syscfg.o)
 .debug_ranges  0x0000000000000790       0xd0 ../../stm_spl//libstm_spl.a(stm32f4xx_spi.o)
