Archive member included to satisfy reference by file (symbol)

../../common//libstmcommon.a(system_stm32f4xx.o)
                              ../../common/as/startup_stm32f40_41xxx.o (SystemInit)
../../stm_spl//libstm_spl.a(stm32f4xx_gpio.o)
                              main.o (GPIO_Init)
../../stm_spl//libstm_spl.a(stm32f4xx_tim.o)
                              timer.o (TIM_TimeBaseInit)
../../stm_spl//libstm_spl.a(stm32f4xx_rcc.o)
                              main.o (RCC_DeInit)
../../stm_spl//libstm_spl.a(misc.o)
                              timer.o (NVIC_Init)

Discarded input sections

 .text          0x0000000000000000        0x0 timer.o
 .data          0x0000000000000000        0x0 timer.o
 .bss           0x0000000000000000        0x0 timer.o
 .text          0x0000000000000000        0x0 lcd.o
 .data          0x0000000000000000        0x0 lcd.o
 .bss           0x0000000000000000        0x0 lcd.o
 .text.Delay_t  0x0000000000000000       0x2a lcd.o
 .text.LCD_SetPos
                0x0000000000000000       0xa4 lcd.o
 .text          0x0000000000000000        0x0 main.o
 .data          0x0000000000000000        0x0 main.o
 .bss           0x0000000000000000        0x0 main.o
 .bss.ADC_Data  0x0000000000000000        0x2 main.o
 .text.MX_ADC1_Init
                0x0000000000000000        0xe main.o
 .text.Error_Handler
                0x0000000000000000        0x6 main.o
 .text          0x0000000000000000       0x14 ../../common/as/startup_stm32f40_41xxx.o
 .data          0x0000000000000000        0x0 ../../common/as/startup_stm32f40_41xxx.o
 .bss           0x0000000000000000        0x0 ../../common/as/startup_stm32f40_41xxx.o
 .text          0x0000000000000000        0x0 ../../common//libstmcommon.a(system_stm32f4xx.o)
 .data          0x0000000000000000        0x0 ../../common//libstmcommon.a(system_stm32f4xx.o)
 .bss           0x0000000000000000        0x0 ../../common//libstmcommon.a(system_stm32f4xx.o)
 .data.SystemCoreClock
                0x0000000000000000        0x4 ../../common//libstmcommon.a(system_stm32f4xx.o)
 .data.AHBPrescTable
                0x0000000000000000       0x10 ../../common//libstmcommon.a(system_stm32f4xx.o)
 .text.SystemCoreClockUpdate
                0x0000000000000000       0xf8 ../../common//libstmcommon.a(system_stm32f4xx.o)
 .text          0x0000000000000000        0x0 ../../stm_spl//libstm_spl.a(stm32f4xx_gpio.o)
 .data          0x0000000000000000        0x0 ../../stm_spl//libstm_spl.a(stm32f4xx_gpio.o)
 .bss           0x0000000000000000        0x0 ../../stm_spl//libstm_spl.a(stm32f4xx_gpio.o)
 .text.GPIO_DeInit
                0x0000000000000000      0x164 ../../stm_spl//libstm_spl.a(stm32f4xx_gpio.o)
 .text.GPIO_StructInit
                0x0000000000000000       0x34 ../../stm_spl//libstm_spl.a(stm32f4xx_gpio.o)
 .text.GPIO_PinLockConfig
                0x0000000000000000       0x44 ../../stm_spl//libstm_spl.a(stm32f4xx_gpio.o)
 .text.GPIO_ReadInputDataBit
                0x0000000000000000       0x34 ../../stm_spl//libstm_spl.a(stm32f4xx_gpio.o)
 .text.GPIO_ReadInputData
                0x0000000000000000       0x1a ../../stm_spl//libstm_spl.a(stm32f4xx_gpio.o)
 .text.GPIO_ReadOutputDataBit
                0x0000000000000000       0x34 ../../stm_spl//libstm_spl.a(stm32f4xx_gpio.o)
 .text.GPIO_ReadOutputData
                0x0000000000000000       0x1a ../../stm_spl//libstm_spl.a(stm32f4xx_gpio.o)
 .text.GPIO_WriteBit
                0x0000000000000000       0x30 ../../stm_spl//libstm_spl.a(stm32f4xx_gpio.o)
 .text.GPIO_Write
                0x0000000000000000       0x1e ../../stm_spl//libstm_spl.a(stm32f4xx_gpio.o)
 .text.GPIO_ToggleBits
                0x0000000000000000       0x24 ../../stm_spl//libstm_spl.a(stm32f4xx_gpio.o)
 .text.GPIO_PinAFConfig
                0x0000000000000000       0x92 ../../stm_spl//libstm_spl.a(stm32f4xx_gpio.o)
 .text          0x0000000000000000        0x0 ../../stm_spl//libstm_spl.a(stm32f4xx_tim.o)
 .data          0x0000000000000000        0x0 ../../stm_spl//libstm_spl.a(stm32f4xx_tim.o)
 .bss           0x0000000000000000        0x0 ../../stm_spl//libstm_spl.a(stm32f4xx_tim.o)
 .text.TIM_DeInit
                0x0000000000000000      0x1c0 ../../stm_spl//libstm_spl.a(stm32f4xx_tim.o)
 .text.TIM_PrescalerConfig
                0x0000000000000000       0x28 ../../stm_spl//libstm_spl.a(stm32f4xx_tim.o)
 .text.TIM_CounterModeConfig
                0x0000000000000000       0x38 ../../stm_spl//libstm_spl.a(stm32f4xx_tim.o)
 .text.TIM_SetCounter
                0x0000000000000000       0x1c ../../stm_spl//libstm_spl.a(stm32f4xx_tim.o)
 .text.TIM_SetAutoreload
                0x0000000000000000       0x1c ../../stm_spl//libstm_spl.a(stm32f4xx_tim.o)
 .text.TIM_GetCounter
                0x0000000000000000       0x18 ../../stm_spl//libstm_spl.a(stm32f4xx_tim.o)
 .text.TIM_GetPrescaler
                0x0000000000000000       0x1a ../../stm_spl//libstm_spl.a(stm32f4xx_tim.o)
 .text.TIM_UpdateDisableConfig
                0x0000000000000000       0x40 ../../stm_spl//libstm_spl.a(stm32f4xx_tim.o)
 .text.TIM_UpdateRequestConfig
                0x0000000000000000       0x40 ../../stm_spl//libstm_spl.a(stm32f4xx_tim.o)
 .text.TIM_ARRPreloadConfig
                0x0000000000000000       0x40 ../../stm_spl//libstm_spl.a(stm32f4xx_tim.o)
 .text.TIM_SelectOnePulseMode
                0x0000000000000000       0x38 ../../stm_spl//libstm_spl.a(stm32f4xx_tim.o)
 .text.TIM_SetClockDivision
                0x0000000000000000       0x38 ../../stm_spl//libstm_spl.a(stm32f4xx_tim.o)
 .text.TIM_OC1Init
                0x0000000000000000       0xf4 ../../stm_spl//libstm_spl.a(stm32f4xx_tim.o)
 .text.TIM_OC2Init
                0x0000000000000000      0x110 ../../stm_spl//libstm_spl.a(stm32f4xx_tim.o)
 .text.TIM_OC3Init
                0x0000000000000000      0x10c ../../stm_spl//libstm_spl.a(stm32f4xx_tim.o)
 .text.TIM_OC4Init
                0x0000000000000000       0xd0 ../../stm_spl//libstm_spl.a(stm32f4xx_tim.o)
 .text.TIM_OCStructInit
                0x0000000000000000       0x44 ../../stm_spl//libstm_spl.a(stm32f4xx_tim.o)
 .text.TIM_SelectOCxM
                0x0000000000000000       0xb2 ../../stm_spl//libstm_spl.a(stm32f4xx_tim.o)
 .text.TIM_SetCompare1
                0x0000000000000000       0x1c ../../stm_spl//libstm_spl.a(stm32f4xx_tim.o)
 .text.TIM_SetCompare2
                0x0000000000000000       0x1c ../../stm_spl//libstm_spl.a(stm32f4xx_tim.o)
 .text.TIM_SetCompare3
                0x0000000000000000       0x1c ../../stm_spl//libstm_spl.a(stm32f4xx_tim.o)
 .text.TIM_SetCompare4
                0x0000000000000000       0x1c ../../stm_spl//libstm_spl.a(stm32f4xx_tim.o)
 .text.TIM_ForcedOC1Config
                0x0000000000000000       0x38 ../../stm_spl//libstm_spl.a(stm32f4xx_tim.o)
 .text.TIM_ForcedOC2Config
                0x0000000000000000       0x3c ../../stm_spl//libstm_spl.a(stm32f4xx_tim.o)
 .text.TIM_ForcedOC3Config
                0x0000000000000000       0x38 ../../stm_spl//libstm_spl.a(stm32f4xx_tim.o)
 .text.TIM_ForcedOC4Config
                0x0000000000000000       0x3c ../../stm_spl//libstm_spl.a(stm32f4xx_tim.o)
 .text.TIM_OC1PreloadConfig
                0x0000000000000000       0x38 ../../stm_spl//libstm_spl.a(stm32f4xx_tim.o)
 .text.TIM_OC2PreloadConfig
                0x0000000000000000       0x3c ../../stm_spl//libstm_spl.a(stm32f4xx_tim.o)
 .text.TIM_OC3PreloadConfig
                0x0000000000000000       0x38 ../../stm_spl//libstm_spl.a(stm32f4xx_tim.o)
 .text.TIM_OC4PreloadConfig
                0x0000000000000000       0x3c ../../stm_spl//libstm_spl.a(stm32f4xx_tim.o)
 .text.TIM_OC1FastConfig
                0x0000000000000000       0x38 ../../stm_spl//libstm_spl.a(stm32f4xx_tim.o)
 .text.TIM_OC2FastConfig
                0x0000000000000000       0x3c ../../stm_spl//libstm_spl.a(stm32f4xx_tim.o)
 .text.TIM_OC3FastConfig
                0x0000000000000000       0x38 ../../stm_spl//libstm_spl.a(stm32f4xx_tim.o)
 .text.TIM_OC4FastConfig
                0x0000000000000000       0x3c ../../stm_spl//libstm_spl.a(stm32f4xx_tim.o)
 .text.TIM_ClearOC1Ref
                0x0000000000000000       0x38 ../../stm_spl//libstm_spl.a(stm32f4xx_tim.o)
 .text.TIM_ClearOC2Ref
                0x0000000000000000       0x3c ../../stm_spl//libstm_spl.a(stm32f4xx_tim.o)
 .text.TIM_ClearOC3Ref
                0x0000000000000000       0x38 ../../stm_spl//libstm_spl.a(stm32f4xx_tim.o)
 .text.TIM_ClearOC4Ref
                0x0000000000000000       0x3c ../../stm_spl//libstm_spl.a(stm32f4xx_tim.o)
 .text.TIM_OC1PolarityConfig
                0x0000000000000000       0x38 ../../stm_spl//libstm_spl.a(stm32f4xx_tim.o)
 .text.TIM_OC1NPolarityConfig
                0x0000000000000000       0x38 ../../stm_spl//libstm_spl.a(stm32f4xx_tim.o)
 .text.TIM_OC2PolarityConfig
                0x0000000000000000       0x3c ../../stm_spl//libstm_spl.a(stm32f4xx_tim.o)
 .text.TIM_OC2NPolarityConfig
                0x0000000000000000       0x3c ../../stm_spl//libstm_spl.a(stm32f4xx_tim.o)
 .text.TIM_OC3PolarityConfig
                0x0000000000000000       0x3c ../../stm_spl//libstm_spl.a(stm32f4xx_tim.o)
 .text.TIM_OC3NPolarityConfig
                0x0000000000000000       0x3c ../../stm_spl//libstm_spl.a(stm32f4xx_tim.o)
 .text.TIM_OC4PolarityConfig
                0x0000000000000000       0x3c ../../stm_spl//libstm_spl.a(stm32f4xx_tim.o)
 .text.TIM_CCxCmd
                0x0000000000000000       0x56 ../../stm_spl//libstm_spl.a(stm32f4xx_tim.o)
 .text.TIM_CCxNCmd
                0x0000000000000000       0x56 ../../stm_spl//libstm_spl.a(stm32f4xx_tim.o)
 .text.TIM_ICInit
                0x0000000000000000       0xa8 ../../stm_spl//libstm_spl.a(stm32f4xx_tim.o)
 .text.TIM_ICStructInit
                0x0000000000000000       0x32 ../../stm_spl//libstm_spl.a(stm32f4xx_tim.o)
 .text.TIM_PWMIConfig
                0x0000000000000000       0xb8 ../../stm_spl//libstm_spl.a(stm32f4xx_tim.o)
 .text.TIM_GetCapture1
                0x0000000000000000       0x18 ../../stm_spl//libstm_spl.a(stm32f4xx_tim.o)
 .text.TIM_GetCapture2
                0x0000000000000000       0x18 ../../stm_spl//libstm_spl.a(stm32f4xx_tim.o)
 .text.TIM_GetCapture3
                0x0000000000000000       0x18 ../../stm_spl//libstm_spl.a(stm32f4xx_tim.o)
 .text.TIM_GetCapture4
                0x0000000000000000       0x18 ../../stm_spl//libstm_spl.a(stm32f4xx_tim.o)
 .text.TIM_SetIC1Prescaler
                0x0000000000000000       0x38 ../../stm_spl//libstm_spl.a(stm32f4xx_tim.o)
 .text.TIM_SetIC2Prescaler
                0x0000000000000000       0x3c ../../stm_spl//libstm_spl.a(stm32f4xx_tim.o)
 .text.TIM_SetIC3Prescaler
                0x0000000000000000       0x38 ../../stm_spl//libstm_spl.a(stm32f4xx_tim.o)
 .text.TIM_SetIC4Prescaler
                0x0000000000000000       0x3c ../../stm_spl//libstm_spl.a(stm32f4xx_tim.o)
 .text.TIM_BDTRConfig
                0x0000000000000000       0x50 ../../stm_spl//libstm_spl.a(stm32f4xx_tim.o)
 .text.TIM_BDTRStructInit
                0x0000000000000000       0x3e ../../stm_spl//libstm_spl.a(stm32f4xx_tim.o)
 .text.TIM_CtrlPWMOutputs
                0x0000000000000000       0x4c ../../stm_spl//libstm_spl.a(stm32f4xx_tim.o)
 .text.TIM_SelectCOM
                0x0000000000000000       0x40 ../../stm_spl//libstm_spl.a(stm32f4xx_tim.o)
 .text.TIM_CCPreloadControl
                0x0000000000000000       0x40 ../../stm_spl//libstm_spl.a(stm32f4xx_tim.o)
 .text.TIM_GenerateEvent
                0x0000000000000000       0x1e ../../stm_spl//libstm_spl.a(stm32f4xx_tim.o)
 .text.TIM_GetFlagStatus
                0x0000000000000000       0x38 ../../stm_spl//libstm_spl.a(stm32f4xx_tim.o)
 .text.TIM_ClearFlag
                0x0000000000000000       0x22 ../../stm_spl//libstm_spl.a(stm32f4xx_tim.o)
 .text.TIM_DMAConfig
                0x0000000000000000       0x2a ../../stm_spl//libstm_spl.a(stm32f4xx_tim.o)
 .text.TIM_DMACmd
                0x0000000000000000       0x48 ../../stm_spl//libstm_spl.a(stm32f4xx_tim.o)
 .text.TIM_SelectCCDMA
                0x0000000000000000       0x40 ../../stm_spl//libstm_spl.a(stm32f4xx_tim.o)
 .text.TIM_InternalClockConfig
                0x0000000000000000       0x24 ../../stm_spl//libstm_spl.a(stm32f4xx_tim.o)
 .text.TIM_ITRxExternalClockConfig
                0x0000000000000000       0x2e ../../stm_spl//libstm_spl.a(stm32f4xx_tim.o)
 .text.TIM_TIxExternalClockConfig
                0x0000000000000000       0x5c ../../stm_spl//libstm_spl.a(stm32f4xx_tim.o)
 .text.TIM_ETRClockMode1Config
                0x0000000000000000       0x5e ../../stm_spl//libstm_spl.a(stm32f4xx_tim.o)
 .text.TIM_ETRClockMode2Config
                0x0000000000000000       0x3e ../../stm_spl//libstm_spl.a(stm32f4xx_tim.o)
 .text.TIM_SelectInputTrigger
                0x0000000000000000       0x38 ../../stm_spl//libstm_spl.a(stm32f4xx_tim.o)
 .text.TIM_SelectOutputTrigger
                0x0000000000000000       0x38 ../../stm_spl//libstm_spl.a(stm32f4xx_tim.o)
 .text.TIM_SelectSlaveMode
                0x0000000000000000       0x38 ../../stm_spl//libstm_spl.a(stm32f4xx_tim.o)
 .text.TIM_SelectMasterSlaveMode
                0x0000000000000000       0x38 ../../stm_spl//libstm_spl.a(stm32f4xx_tim.o)
 .text.TIM_ETRConfig
                0x0000000000000000       0x54 ../../stm_spl//libstm_spl.a(stm32f4xx_tim.o)
 .text.TIM_EncoderInterfaceConfig
                0x0000000000000000       0x98 ../../stm_spl//libstm_spl.a(stm32f4xx_tim.o)
 .text.TIM_SelectHallSensor
                0x0000000000000000       0x40 ../../stm_spl//libstm_spl.a(stm32f4xx_tim.o)
 .text.TIM_RemapConfig
                0x0000000000000000       0x20 ../../stm_spl//libstm_spl.a(stm32f4xx_tim.o)
 .text.TI1_Config
                0x0000000000000000       0x86 ../../stm_spl//libstm_spl.a(stm32f4xx_tim.o)
 .text.TI2_Config
                0x0000000000000000       0x9a ../../stm_spl//libstm_spl.a(stm32f4xx_tim.o)
 .text.TI3_Config
                0x0000000000000000       0x90 ../../stm_spl//libstm_spl.a(stm32f4xx_tim.o)
 .text.TI4_Config
                0x0000000000000000       0x9e ../../stm_spl//libstm_spl.a(stm32f4xx_tim.o)
 .text          0x0000000000000000        0x0 ../../stm_spl//libstm_spl.a(stm32f4xx_rcc.o)
 .data          0x0000000000000000        0x0 ../../stm_spl//libstm_spl.a(stm32f4xx_rcc.o)
 .bss           0x0000000000000000        0x0 ../../stm_spl//libstm_spl.a(stm32f4xx_rcc.o)
 .data.APBAHBPrescTable
                0x0000000000000000       0x10 ../../stm_spl//libstm_spl.a(stm32f4xx_rcc.o)
 .text.RCC_AdjustHSICalibrationValue
                0x0000000000000000       0x3c ../../stm_spl//libstm_spl.a(stm32f4xx_rcc.o)
 .text.RCC_HSICmd
                0x0000000000000000       0x20 ../../stm_spl//libstm_spl.a(stm32f4xx_rcc.o)
 .text.RCC_LSEConfig
                0x0000000000000000       0x44 ../../stm_spl//libstm_spl.a(stm32f4xx_rcc.o)
 .text.RCC_LSICmd
                0x0000000000000000       0x20 ../../stm_spl//libstm_spl.a(stm32f4xx_rcc.o)
 .text.RCC_PLLI2SConfig
                0x0000000000000000       0x2c ../../stm_spl//libstm_spl.a(stm32f4xx_rcc.o)
 .text.RCC_PLLI2SCmd
                0x0000000000000000       0x20 ../../stm_spl//libstm_spl.a(stm32f4xx_rcc.o)
 .text.RCC_PLLSAIConfig
                0x0000000000000000       0x34 ../../stm_spl//libstm_spl.a(stm32f4xx_rcc.o)
 .text.RCC_PLLSAICmd
                0x0000000000000000       0x20 ../../stm_spl//libstm_spl.a(stm32f4xx_rcc.o)
 .text.RCC_ClockSecuritySystemCmd
                0x0000000000000000       0x20 ../../stm_spl//libstm_spl.a(stm32f4xx_rcc.o)
 .text.RCC_MCO1Config
                0x0000000000000000       0x40 ../../stm_spl//libstm_spl.a(stm32f4xx_rcc.o)
 .text.RCC_MCO2Config
                0x0000000000000000       0x40 ../../stm_spl//libstm_spl.a(stm32f4xx_rcc.o)
 .text.RCC_HCLKConfig
                0x0000000000000000       0x38 ../../stm_spl//libstm_spl.a(stm32f4xx_rcc.o)
 .text.RCC_PCLK1Config
                0x0000000000000000       0x38 ../../stm_spl//libstm_spl.a(stm32f4xx_rcc.o)
 .text.RCC_PCLK2Config
                0x0000000000000000       0x3c ../../stm_spl//libstm_spl.a(stm32f4xx_rcc.o)
 .text.RCC_GetClocksFreq
                0x0000000000000000      0x150 ../../stm_spl//libstm_spl.a(stm32f4xx_rcc.o)
 .text.RCC_RTCCLKConfig
                0x0000000000000000       0x5c ../../stm_spl//libstm_spl.a(stm32f4xx_rcc.o)
 .text.RCC_RTCCLKCmd
                0x0000000000000000       0x20 ../../stm_spl//libstm_spl.a(stm32f4xx_rcc.o)
 .text.RCC_BackupResetCmd
                0x0000000000000000       0x20 ../../stm_spl//libstm_spl.a(stm32f4xx_rcc.o)
 .text.RCC_I2SCLKConfig
                0x0000000000000000       0x20 ../../stm_spl//libstm_spl.a(stm32f4xx_rcc.o)
 .text.RCC_SAIBlockACLKConfig
                0x0000000000000000       0x3c ../../stm_spl//libstm_spl.a(stm32f4xx_rcc.o)
 .text.RCC_SAIBlockBCLKConfig
                0x0000000000000000       0x3c ../../stm_spl//libstm_spl.a(stm32f4xx_rcc.o)
 .text.RCC_SAIPLLI2SClkDivConfig
                0x0000000000000000       0x40 ../../stm_spl//libstm_spl.a(stm32f4xx_rcc.o)
 .text.RCC_SAIPLLSAIClkDivConfig
                0x0000000000000000       0x40 ../../stm_spl//libstm_spl.a(stm32f4xx_rcc.o)
 .text.RCC_LTDCCLKDivConfig
                0x0000000000000000       0x3c ../../stm_spl//libstm_spl.a(stm32f4xx_rcc.o)
 .text.RCC_TIMCLKPresConfig
                0x0000000000000000       0x20 ../../stm_spl//libstm_spl.a(stm32f4xx_rcc.o)
 .text.RCC_AHB2PeriphClockCmd
                0x0000000000000000       0x40 ../../stm_spl//libstm_spl.a(stm32f4xx_rcc.o)
 .text.RCC_AHB3PeriphClockCmd
                0x0000000000000000       0x40 ../../stm_spl//libstm_spl.a(stm32f4xx_rcc.o)
 .text.RCC_APB2PeriphClockCmd
                0x0000000000000000       0x40 ../../stm_spl//libstm_spl.a(stm32f4xx_rcc.o)
 .text.RCC_AHB1PeriphResetCmd
                0x0000000000000000       0x40 ../../stm_spl//libstm_spl.a(stm32f4xx_rcc.o)
 .text.RCC_AHB2PeriphResetCmd
                0x0000000000000000       0x40 ../../stm_spl//libstm_spl.a(stm32f4xx_rcc.o)
 .text.RCC_AHB3PeriphResetCmd
                0x0000000000000000       0x40 ../../stm_spl//libstm_spl.a(stm32f4xx_rcc.o)
 .text.RCC_APB1PeriphResetCmd
                0x0000000000000000       0x40 ../../stm_spl//libstm_spl.a(stm32f4xx_rcc.o)
 .text.RCC_APB2PeriphResetCmd
                0x0000000000000000       0x40 ../../stm_spl//libstm_spl.a(stm32f4xx_rcc.o)
 .text.RCC_AHB1PeriphClockLPModeCmd
                0x0000000000000000       0x40 ../../stm_spl//libstm_spl.a(stm32f4xx_rcc.o)
 .text.RCC_AHB2PeriphClockLPModeCmd
                0x0000000000000000       0x40 ../../stm_spl//libstm_spl.a(stm32f4xx_rcc.o)
 .text.RCC_AHB3PeriphClockLPModeCmd
                0x0000000000000000       0x40 ../../stm_spl//libstm_spl.a(stm32f4xx_rcc.o)
 .text.RCC_APB1PeriphClockLPModeCmd
                0x0000000000000000       0x40 ../../stm_spl//libstm_spl.a(stm32f4xx_rcc.o)
 .text.RCC_APB2PeriphClockLPModeCmd
                0x0000000000000000       0x40 ../../stm_spl//libstm_spl.a(stm32f4xx_rcc.o)
 .text.RCC_LSEModeConfig
                0x0000000000000000       0x3c ../../stm_spl//libstm_spl.a(stm32f4xx_rcc.o)
 .text.RCC_ITConfig
                0x0000000000000000       0x4c ../../stm_spl//libstm_spl.a(stm32f4xx_rcc.o)
 .text.RCC_ClearFlag
                0x0000000000000000       0x20 ../../stm_spl//libstm_spl.a(stm32f4xx_rcc.o)
 .text.RCC_GetITStatus
                0x0000000000000000       0x38 ../../stm_spl//libstm_spl.a(stm32f4xx_rcc.o)
 .text.RCC_ClearITPendingBit
                0x0000000000000000       0x20 ../../stm_spl//libstm_spl.a(stm32f4xx_rcc.o)
 .text          0x0000000000000000        0x0 ../../stm_spl//libstm_spl.a(misc.o)
 .data          0x0000000000000000        0x0 ../../stm_spl//libstm_spl.a(misc.o)
 .bss           0x0000000000000000        0x0 ../../stm_spl//libstm_spl.a(misc.o)
 .text.NVIC_PriorityGroupConfig
                0x0000000000000000       0x28 ../../stm_spl//libstm_spl.a(misc.o)
 .text.NVIC_SetVectorTable
                0x0000000000000000       0x2c ../../stm_spl//libstm_spl.a(misc.o)
 .text.NVIC_SystemLPConfig
                0x0000000000000000       0x44 ../../stm_spl//libstm_spl.a(misc.o)
 .text.SysTick_CLKSourceConfig
                0x0000000000000000       0x38 ../../stm_spl//libstm_spl.a(misc.o)

Memory Configuration

Name             Origin             Length             Attributes
RAM              0x0000000020000000 0x0000000000020000 xrw
CCMRAM           0x0000000010000000 0x0000000000010000 xrw
FLASH            0x0000000008000000 0x0000000000100000 xr
FLASHB1          0x0000000000000000 0x0000000000000000 xr
EXTMEMB0         0x0000000000000000 0x0000000000000000 xr
EXTMEMB1         0x0000000000000000 0x0000000000000000 xr
EXTMEMB2         0x0000000000000000 0x0000000000000000 xr
EXTMEMB3         0x0000000000000000 0x0000000000000000 xr
MEMORY_ARRAY     0x0000000020002000 0x0000000000000020 xrw
*default*        0x0000000000000000 0xffffffffffffffff

Linker script and memory map

LOAD timer.o
LOAD lcd.o
LOAD main.o
LOAD ../../common/as/startup_stm32f40_41xxx.o
START GROUP
LOAD /usr/lib/gcc/arm-none-eabi/6.3.1/../../../arm-none-eabi/lib/thumb/v7e-m/fpv4-sp/hard/libc.a
LOAD /usr/lib/gcc/arm-none-eabi/6.3.1/thumb/v7e-m/fpv4-sp/hard/libgcc.a
LOAD /usr/lib/gcc/arm-none-eabi/6.3.1/../../../arm-none-eabi/lib/thumb/v7e-m/fpv4-sp/hard/libnosys.a
END GROUP
LOAD ../../common//libstmcommon.a
LOAD ../../stm_spl//libstm_spl.a
START GROUP
LOAD /usr/lib/gcc/arm-none-eabi/6.3.1/thumb/v7e-m/fpv4-sp/hard/libgcc.a
LOAD /usr/lib/gcc/arm-none-eabi/6.3.1/../../../arm-none-eabi/lib/thumb/v7e-m/fpv4-sp/hard/libc.a
END GROUP
                0x0000000000004000                __Stack_Size = 0x4000
                [!provide]                        PROVIDE (_Stack_Size, __Stack_Size)
                0x000000002001c000                __Stack_Init = (_estack - __Stack_Size)
                [!provide]                        PROVIDE (_Stack_Init, __Stack_Init)
                0x0000000000004000                _Minimum_Stack_Size = 0x4000
                0x0000000020020000                _estack = 0x20020000

.isr_vector     0x0000000008000000      0x188
                0x0000000008000000                . = ALIGN (0x4)
 *(.isr_vector)
 .isr_vector    0x0000000008000000      0x188 ../../common/as/startup_stm32f40_41xxx.o
                0x0000000008000000                g_pfnVectors
                0x0000000008000188                . = ALIGN (0x4)

.flashtext      0x0000000008000188        0x0
                0x0000000008000188                . = ALIGN (0x4)
 *(.flashtext)
                0x0000000008000188                . = ALIGN (0x4)

.text           0x0000000008000188      0xea0
                0x0000000008000188                . = ALIGN (0x4)
 *(.text)
 *(.text.*)
 .text.osif_tick_count
                0x0000000008000188       0x20 timer.o
                0x0000000008000188                osif_tick_count
 .text.sleep_tick_ms
                0x00000000080001a8       0x34 timer.o
                0x00000000080001a8                sleep_tick_ms
 .text.configure_timer_2
                0x00000000080001dc       0x7a timer.o
                0x00000000080001dc                configure_timer_2
 *fill*         0x0000000008000256        0x2 
 .text.TIM2_IRQHandler
                0x0000000008000258       0x30 timer.o
                0x0000000008000258                TIM2_IRQHandler
 .text.delay    0x0000000008000288       0x26 lcd.o
                0x0000000008000288                delay
 *fill*         0x00000000080002ae        0x2 
 .text.LCD_WriteData
                0x00000000080002b0       0x94 lcd.o
                0x00000000080002b0                LCD_WriteData
 .text.LCD_Command
                0x0000000008000344       0x64 lcd.o
                0x0000000008000344                LCD_Command
 .text.LCD_Data
                0x00000000080003a8       0x64 lcd.o
                0x00000000080003a8                LCD_Data
 .text.LCD_Clear
                0x000000000800040c       0x14 lcd.o
                0x000000000800040c                LCD_Clear
 .text.LCD_SendChar
                0x0000000008000420       0x1e lcd.o
                0x0000000008000420                LCD_SendChar
 .text.LCD_String
                0x000000000800043e       0x3a lcd.o
                0x000000000800043e                LCD_String
 .text.LCD_ini  0x0000000008000478       0xd0 lcd.o
                0x0000000008000478                LCD_ini
 .text.init_board_led
                0x0000000008000548       0x68 main.o
                0x0000000008000548                init_board_led
 .text.main     0x00000000080005b0      0x118 main.o
                0x00000000080005b0                main
 .text.SetSysClockTo168
                0x00000000080006c8       0x60 main.o
                0x00000000080006c8                SetSysClockTo168
 .text.MX_GPIO_Init
                0x0000000008000728       0x88 main.o
 .text.Reset_Handler
                0x00000000080007b0       0x44 ../../common/as/startup_stm32f40_41xxx.o
                0x00000000080007b0                Reset_Handler
 .text.Default_Handler
                0x00000000080007f4        0x2 ../../common/as/startup_stm32f40_41xxx.o
                0x00000000080007f4                RTC_Alarm_IRQHandler
                0x00000000080007f4                HASH_RNG_IRQHandler
                0x00000000080007f4                EXTI2_IRQHandler
                0x00000000080007f4                TIM8_CC_IRQHandler
                0x00000000080007f4                DebugMon_Handler
                0x00000000080007f4                TIM1_CC_IRQHandler
                0x00000000080007f4                DMA2_Stream5_IRQHandler
                0x00000000080007f4                HardFault_Handler
                0x00000000080007f4                DMA1_Stream5_IRQHandler
                0x00000000080007f4                SysTick_Handler
                0x00000000080007f4                PVD_IRQHandler
                0x00000000080007f4                SDIO_IRQHandler
                0x00000000080007f4                TAMP_STAMP_IRQHandler
                0x00000000080007f4                PendSV_Handler
                0x00000000080007f4                NMI_Handler
                0x00000000080007f4                CAN2_RX1_IRQHandler
                0x00000000080007f4                EXTI3_IRQHandler
                0x00000000080007f4                TIM8_TRG_COM_TIM14_IRQHandler
                0x00000000080007f4                TIM1_UP_TIM10_IRQHandler
                0x00000000080007f4                TIM8_UP_TIM13_IRQHandler
                0x00000000080007f4                I2C3_ER_IRQHandler
                0x00000000080007f4                EXTI0_IRQHandler
                0x00000000080007f4                I2C2_EV_IRQHandler
                0x00000000080007f4                DMA1_Stream2_IRQHandler
                0x00000000080007f4                CAN1_RX0_IRQHandler
                0x00000000080007f4                FPU_IRQHandler
                0x00000000080007f4                OTG_HS_WKUP_IRQHandler
                0x00000000080007f4                UsageFault_Handler
                0x00000000080007f4                CAN2_SCE_IRQHandler
                0x00000000080007f4                DMA2_Stream2_IRQHandler
                0x00000000080007f4                SPI1_IRQHandler
                0x00000000080007f4                TIM6_DAC_IRQHandler
                0x00000000080007f4                TIM1_BRK_TIM9_IRQHandler
                0x00000000080007f4                DCMI_IRQHandler
                0x00000000080007f4                CAN2_RX0_IRQHandler
                0x00000000080007f4                DMA2_Stream3_IRQHandler
                0x00000000080007f4                USART6_IRQHandler
                0x00000000080007f4                USART3_IRQHandler
                0x00000000080007f4                CRYP_IRQHandler
                0x00000000080007f4                CAN1_RX1_IRQHandler
                0x00000000080007f4                UART5_IRQHandler
                0x00000000080007f4                DMA2_Stream0_IRQHandler
                0x00000000080007f4                TIM4_IRQHandler
                0x00000000080007f4                I2C1_EV_IRQHandler
                0x00000000080007f4                DMA1_Stream6_IRQHandler
                0x00000000080007f4                DMA1_Stream1_IRQHandler
                0x00000000080007f4                UART4_IRQHandler
                0x00000000080007f4                TIM3_IRQHandler
                0x00000000080007f4                RCC_IRQHandler
                0x00000000080007f4                TIM8_BRK_TIM12_IRQHandler
                0x00000000080007f4                Default_Handler
                0x00000000080007f4                EXTI15_10_IRQHandler
                0x00000000080007f4                ADC_IRQHandler
                0x00000000080007f4                DMA1_Stream7_IRQHandler
                0x00000000080007f4                TIM7_IRQHandler
                0x00000000080007f4                CAN2_TX_IRQHandler
                0x00000000080007f4                TIM5_IRQHandler
                0x00000000080007f4                DMA2_Stream7_IRQHandler
                0x00000000080007f4                I2C3_EV_IRQHandler
                0x00000000080007f4                EXTI9_5_IRQHandler
                0x00000000080007f4                RTC_WKUP_IRQHandler
                0x00000000080007f4                ETH_WKUP_IRQHandler
                0x00000000080007f4                SPI2_IRQHandler
                0x00000000080007f4                OTG_HS_EP1_IN_IRQHandler
                0x00000000080007f4                MemManage_Handler
                0x00000000080007f4                DMA1_Stream0_IRQHandler
                0x00000000080007f4                CAN1_TX_IRQHandler
                0x00000000080007f4                SVC_Handler
                0x00000000080007f4                EXTI4_IRQHandler
                0x00000000080007f4                FSMC_IRQHandler
                0x00000000080007f4                ETH_IRQHandler
                0x00000000080007f4                OTG_HS_EP1_OUT_IRQHandler
                0x00000000080007f4                WWDG_IRQHandler
                0x00000000080007f4                OTG_FS_WKUP_IRQHandler
                0x00000000080007f4                TIM1_TRG_COM_TIM11_IRQHandler
                0x00000000080007f4                OTG_HS_IRQHandler
                0x00000000080007f4                EXTI1_IRQHandler
                0x00000000080007f4                USART2_IRQHandler
                0x00000000080007f4                I2C2_ER_IRQHandler
                0x00000000080007f4                DMA2_Stream1_IRQHandler
                0x00000000080007f4                CAN1_SCE_IRQHandler
                0x00000000080007f4                FLASH_IRQHandler
                0x00000000080007f4                DMA2_Stream4_IRQHandler
                0x00000000080007f4                BusFault_Handler
                0x00000000080007f4                USART1_IRQHandler
                0x00000000080007f4                OTG_FS_IRQHandler
                0x00000000080007f4                SPI3_IRQHandler
                0x00000000080007f4                DMA1_Stream4_IRQHandler
                0x00000000080007f4                I2C1_ER_IRQHandler
                0x00000000080007f4                DMA2_Stream6_IRQHandler
                0x00000000080007f4                DMA1_Stream3_IRQHandler
 *fill*         0x00000000080007f6        0x2 
 .text.SystemInit
                0x00000000080007f8       0x6c ../../common//libstmcommon.a(system_stm32f4xx.o)
                0x00000000080007f8                SystemInit
 .text.SetSysClock
                0x0000000008000864       0xf8 ../../common//libstmcommon.a(system_stm32f4xx.o)
 .text.GPIO_Init
                0x000000000800095c      0x11c ../../stm_spl//libstm_spl.a(stm32f4xx_gpio.o)
                0x000000000800095c                GPIO_Init
 .text.GPIO_SetBits
                0x0000000008000a78       0x1e ../../stm_spl//libstm_spl.a(stm32f4xx_gpio.o)
                0x0000000008000a78                GPIO_SetBits
 .text.GPIO_ResetBits
                0x0000000008000a96       0x1e ../../stm_spl//libstm_spl.a(stm32f4xx_gpio.o)
                0x0000000008000a96                GPIO_ResetBits
 .text.TIM_TimeBaseInit
                0x0000000008000ab4       0xd8 ../../stm_spl//libstm_spl.a(stm32f4xx_tim.o)
                0x0000000008000ab4                TIM_TimeBaseInit
 .text.TIM_TimeBaseStructInit
                0x0000000008000b8c       0x34 ../../stm_spl//libstm_spl.a(stm32f4xx_tim.o)
                0x0000000008000b8c                TIM_TimeBaseStructInit
 .text.TIM_Cmd  0x0000000008000bc0       0x40 ../../stm_spl//libstm_spl.a(stm32f4xx_tim.o)
                0x0000000008000bc0                TIM_Cmd
 .text.TIM_ITConfig
                0x0000000008000c00       0x48 ../../stm_spl//libstm_spl.a(stm32f4xx_tim.o)
                0x0000000008000c00                TIM_ITConfig
 .text.TIM_GetITStatus
                0x0000000008000c48       0x54 ../../stm_spl//libstm_spl.a(stm32f4xx_tim.o)
                0x0000000008000c48                TIM_GetITStatus
 .text.TIM_ClearITPendingBit
                0x0000000008000c9c       0x22 ../../stm_spl//libstm_spl.a(stm32f4xx_tim.o)
                0x0000000008000c9c                TIM_ClearITPendingBit
 *fill*         0x0000000008000cbe        0x2 
 .text.RCC_DeInit
                0x0000000008000cc0       0x70 ../../stm_spl//libstm_spl.a(stm32f4xx_rcc.o)
                0x0000000008000cc0                RCC_DeInit
 .text.RCC_HSEConfig
                0x0000000008000d30       0x28 ../../stm_spl//libstm_spl.a(stm32f4xx_rcc.o)
                0x0000000008000d30                RCC_HSEConfig
 .text.RCC_WaitForHSEStartUp
                0x0000000008000d58       0x50 ../../stm_spl//libstm_spl.a(stm32f4xx_rcc.o)
                0x0000000008000d58                RCC_WaitForHSEStartUp
 .text.RCC_PLLConfig
                0x0000000008000da8       0x40 ../../stm_spl//libstm_spl.a(stm32f4xx_rcc.o)
                0x0000000008000da8                RCC_PLLConfig
 .text.RCC_PLLCmd
                0x0000000008000de8       0x20 ../../stm_spl//libstm_spl.a(stm32f4xx_rcc.o)
                0x0000000008000de8                RCC_PLLCmd
 .text.RCC_SYSCLKConfig
                0x0000000008000e08       0x38 ../../stm_spl//libstm_spl.a(stm32f4xx_rcc.o)
                0x0000000008000e08                RCC_SYSCLKConfig
 .text.RCC_GetSYSCLKSource
                0x0000000008000e40       0x20 ../../stm_spl//libstm_spl.a(stm32f4xx_rcc.o)
                0x0000000008000e40                RCC_GetSYSCLKSource
 .text.RCC_AHB1PeriphClockCmd
                0x0000000008000e60       0x40 ../../stm_spl//libstm_spl.a(stm32f4xx_rcc.o)
                0x0000000008000e60                RCC_AHB1PeriphClockCmd
 .text.RCC_APB1PeriphClockCmd
                0x0000000008000ea0       0x40 ../../stm_spl//libstm_spl.a(stm32f4xx_rcc.o)
                0x0000000008000ea0                RCC_APB1PeriphClockCmd
 .text.RCC_GetFlagStatus
                0x0000000008000ee0       0x74 ../../stm_spl//libstm_spl.a(stm32f4xx_rcc.o)
                0x0000000008000ee0                RCC_GetFlagStatus
 .text.NVIC_Init
                0x0000000008000f54       0xc4 ../../stm_spl//libstm_spl.a(misc.o)
                0x0000000008000f54                NVIC_Init
 *(.rodata)
 .rodata        0x0000000008001018        0xf main.o
 *(.rodata*)
 *(.glue_7)
 .glue_7        0x0000000008001027        0x0 linker stubs
 *(.glue_7t)
 .glue_7t       0x0000000008001027        0x0 linker stubs
                0x0000000008001028                . = ALIGN (0x4)
 *fill*         0x0000000008001027        0x1 
                0x0000000008001028                _etext = .
                0x0000000008001028                _sidata = _etext

.vfp11_veneer   0x0000000008001028        0x0
 .vfp11_veneer  0x0000000008001028        0x0 linker stubs

.v4_bx          0x0000000008001028        0x0
 .v4_bx         0x0000000008001028        0x0 linker stubs

.iplt           0x0000000008001028        0x0
 .iplt          0x0000000008001028        0x0 timer.o

.rel.dyn        0x0000000008001028        0x0
 .rel.iplt      0x0000000008001028        0x0 timer.o

.ROarraySection
 *(.ROarraySection)

.data           0x0000000020000000        0x0 load address 0x0000000008001028
                0x0000000020000000                . = ALIGN (0x4)
                0x0000000020000000                _sdata = .
 *(.data)
 *(.data.*)
                0x0000000020000000                . = ALIGN (0x4)
                0x0000000020000000                _edata = .

.igot.plt       0x0000000020000000        0x0
 .igot.plt      0x0000000020000000        0x0 timer.o

.bss            0x0000000020000000        0x0
                0x0000000020000000                . = ALIGN (0x4)
                0x0000000020000000                _sbss = .
 *(.bss)
 *(COMMON)
                0x0000000020000000                . = ALIGN (0x4)
                0x0000000020000000                _ebss = .
                [!provide]                        PROVIDE (end, _ebss)
                [!provide]                        PROVIDE (_end, _ebss)

.bss.tick_counter
                0x0000000020000000        0x4
 .bss.tick_counter
                0x0000000020000000        0x4 timer.o

._usrstack      0x0000000020000004     0x4000
                0x0000000020000004                . = ALIGN (0x4)
                0x0000000020000004                _susrstack = .
                0x0000000020004004                . = (. + _Minimum_Stack_Size)
 *fill*         0x0000000020000004     0x4000 
                0x0000000020004004                . = ALIGN (0x4)
                0x0000000020004004                _eusrstack = .

.b1text
 *(.b1text)
 *(.b1rodata)
 *(.b1rodata*)

.eb0text
 *(.eb0text)
 *(.eb0rodata)
 *(.eb0rodata*)

.eb1text
 *(.eb1text)
 *(.eb1rodata)
 *(.eb1rodata*)

.eb2text
 *(.eb2text)
 *(.eb2rodata)
 *(.eb2rodata*)

.eb3text
 *(.eb3text)
 *(.eb3rodata)
 *(.eb3rodata*)

DISCARD
 libc.a(*)
 libm.a(*)
 libgcc.a(*)

.stab
 *(.stab)

.stabstr
 *(.stabstr)

.stab.excl
 *(.stab.excl)

.stab.exclstr
 *(.stab.exclstr)

.stab.index
 *(.stab.index)

.stab.indexstr
 *(.stab.indexstr)

.comment        0x0000000000000000       0x31
 *(.comment)
 .comment       0x0000000000000000       0x31 timer.o
                                         0x32 (size before relaxing)
 .comment       0x0000000000000031       0x32 lcd.o
 .comment       0x0000000000000031       0x32 main.o
 .comment       0x0000000000000031       0x32 ../../common//libstmcommon.a(system_stm32f4xx.o)
 .comment       0x0000000000000031       0x32 ../../stm_spl//libstm_spl.a(stm32f4xx_gpio.o)
 .comment       0x0000000000000031       0x32 ../../stm_spl//libstm_spl.a(stm32f4xx_tim.o)
 .comment       0x0000000000000031       0x32 ../../stm_spl//libstm_spl.a(stm32f4xx_rcc.o)
 .comment       0x0000000000000031       0x32 ../../stm_spl//libstm_spl.a(misc.o)

.ARM.attributes
                0x0000000000000000       0x37
 .ARM.attributes
                0x0000000000000000       0x39 timer.o
 .ARM.attributes
                0x0000000000000039       0x39 lcd.o
 .ARM.attributes
                0x0000000000000072       0x39 main.o
 .ARM.attributes
                0x00000000000000ab       0x21 ../../common/as/startup_stm32f40_41xxx.o
 .ARM.attributes
                0x00000000000000cc       0x39 ../../common//libstmcommon.a(system_stm32f4xx.o)
 .ARM.attributes
                0x0000000000000105       0x39 ../../stm_spl//libstm_spl.a(stm32f4xx_gpio.o)
 .ARM.attributes
                0x000000000000013e       0x39 ../../stm_spl//libstm_spl.a(stm32f4xx_tim.o)
 .ARM.attributes
                0x0000000000000177       0x39 ../../stm_spl//libstm_spl.a(stm32f4xx_rcc.o)
 .ARM.attributes
                0x00000000000001b0       0x39 ../../stm_spl//libstm_spl.a(misc.o)

.debug
 *(.debug)

.line
 *(.line)

.debug_srcinfo
 *(.debug_srcinfo)

.debug_sfnames
 *(.debug_sfnames)

.debug_aranges  0x0000000000000000      0x698
 *(.debug_aranges)
 .debug_aranges
                0x0000000000000000       0x38 timer.o
 .debug_aranges
                0x0000000000000038       0x68 lcd.o
 .debug_aranges
                0x00000000000000a0       0x48 main.o
 .debug_aranges
                0x00000000000000e8       0x30 ../../common//libstmcommon.a(system_stm32f4xx.o)
 .debug_aranges
                0x0000000000000118       0x88 ../../stm_spl//libstm_spl.a(stm32f4xx_gpio.o)
 .debug_aranges
                0x00000000000001a0      0x2f8 ../../stm_spl//libstm_spl.a(stm32f4xx_tim.o)
 .debug_aranges
                0x0000000000000498      0x1c0 ../../stm_spl//libstm_spl.a(stm32f4xx_rcc.o)
 .debug_aranges
                0x0000000000000658       0x40 ../../stm_spl//libstm_spl.a(misc.o)

.debug_pubnames
 *(.debug_pubnames)

.debug_info     0x0000000000000000     0x4a05
 *(.debug_info .gnu.linkonce.wi.*)
 .debug_info    0x0000000000000000      0x691 timer.o
 .debug_info    0x0000000000000691      0x32a lcd.o
 .debug_info    0x00000000000009bb      0x3e9 main.o
 .debug_info    0x0000000000000da4      0x611 ../../common//libstmcommon.a(system_stm32f4xx.o)
 .debug_info    0x00000000000013b5      0x628 ../../stm_spl//libstm_spl.a(stm32f4xx_gpio.o)
 .debug_info    0x00000000000019dd     0x1c74 ../../stm_spl//libstm_spl.a(stm32f4xx_tim.o)
 .debug_info    0x0000000000003651      0xe67 ../../stm_spl//libstm_spl.a(stm32f4xx_rcc.o)
 .debug_info    0x00000000000044b8      0x54d ../../stm_spl//libstm_spl.a(misc.o)

.debug_abbrev   0x0000000000000000      0xc6f
 *(.debug_abbrev)
 .debug_abbrev  0x0000000000000000      0x171 timer.o
 .debug_abbrev  0x0000000000000171      0x153 lcd.o
 .debug_abbrev  0x00000000000002c4      0x1c0 main.o
 .debug_abbrev  0x0000000000000484      0x158 ../../common//libstmcommon.a(system_stm32f4xx.o)
 .debug_abbrev  0x00000000000005dc      0x1b8 ../../stm_spl//libstm_spl.a(stm32f4xx_gpio.o)
 .debug_abbrev  0x0000000000000794      0x19a ../../stm_spl//libstm_spl.a(stm32f4xx_tim.o)
 .debug_abbrev  0x000000000000092e      0x1cf ../../stm_spl//libstm_spl.a(stm32f4xx_rcc.o)
 .debug_abbrev  0x0000000000000afd      0x172 ../../stm_spl//libstm_spl.a(misc.o)

.debug_line     0x0000000000000000     0x1aee
 *(.debug_line)
 .debug_line    0x0000000000000000      0x17a timer.o
 .debug_line    0x000000000000017a      0x23c lcd.o
 .debug_line    0x00000000000003b6      0x1f0 main.o
 .debug_line    0x00000000000005a6      0x176 ../../common//libstmcommon.a(system_stm32f4xx.o)
 .debug_line    0x000000000000071c      0x2b0 ../../stm_spl//libstm_spl.a(stm32f4xx_gpio.o)
 .debug_line    0x00000000000009cc      0xa01 ../../stm_spl//libstm_spl.a(stm32f4xx_tim.o)
 .debug_line    0x00000000000013cd      0x5a3 ../../stm_spl//libstm_spl.a(stm32f4xx_rcc.o)
 .debug_line    0x0000000000001970      0x17e ../../stm_spl//libstm_spl.a(misc.o)

.debug_frame    0x0000000000000000     0x1d00
 *(.debug_frame)
 .debug_frame   0x0000000000000000       0x9c timer.o
 .debug_frame   0x000000000000009c      0x170 lcd.o
 .debug_frame   0x000000000000020c       0xd4 main.o
 .debug_frame   0x00000000000002e0       0x7c ../../common//libstmcommon.a(system_stm32f4xx.o)
 .debug_frame   0x000000000000035c      0x23c ../../stm_spl//libstm_spl.a(stm32f4xx_gpio.o)
 .debug_frame   0x0000000000000598      0xe54 ../../stm_spl//libstm_spl.a(stm32f4xx_tim.o)
 .debug_frame   0x00000000000013ec      0x83c ../../stm_spl//libstm_spl.a(stm32f4xx_rcc.o)
 .debug_frame   0x0000000000001c28       0xd8 ../../stm_spl//libstm_spl.a(misc.o)

.debug_str      0x0000000000000000     0x2118
 *(.debug_str)
 .debug_str     0x0000000000000000      0x8b0 timer.o
                                        0x911 (size before relaxing)
 .debug_str     0x00000000000008b0       0xab lcd.o
                                        0x263 (size before relaxing)
 .debug_str     0x000000000000095b      0x1e7 main.o
                                        0x3e7 (size before relaxing)
 .debug_str     0x0000000000000b42      0x208 ../../common//libstmcommon.a(system_stm32f4xx.o)
                                        0x3eb (size before relaxing)
 .debug_str     0x0000000000000d4a      0x1b0 ../../stm_spl//libstm_spl.a(stm32f4xx_gpio.o)
                                        0x4ca (size before relaxing)
 .debug_str     0x0000000000000efa      0xa64 ../../stm_spl//libstm_spl.a(stm32f4xx_tim.o)
                                        0xdfa (size before relaxing)
 .debug_str     0x000000000000195e      0x684 ../../stm_spl//libstm_spl.a(stm32f4xx_rcc.o)
                                        0x9ec (size before relaxing)
 .debug_str     0x0000000000001fe2      0x136 ../../stm_spl//libstm_spl.a(misc.o)
                                        0x3f8 (size before relaxing)

.debug_loc
 *(.debug_loc)

.debug_macinfo
 *(.debug_macinfo)

.debug_weaknames
 *(.debug_weaknames)

.debug_funcnames
 *(.debug_funcnames)

.debug_typenames
 *(.debug_typenames)

.debug_varnames
 *(.debug_varnames)
OUTPUT(main.elf elf32-littlearm)

.debug_ranges   0x0000000000000000      0x618
 .debug_ranges  0x0000000000000000       0x28 timer.o
 .debug_ranges  0x0000000000000028       0x58 lcd.o
 .debug_ranges  0x0000000000000080       0x38 main.o
 .debug_ranges  0x00000000000000b8       0x20 ../../common//libstmcommon.a(system_stm32f4xx.o)
 .debug_ranges  0x00000000000000d8       0x78 ../../stm_spl//libstm_spl.a(stm32f4xx_gpio.o)
 .debug_ranges  0x0000000000000150      0x2e8 ../../stm_spl//libstm_spl.a(stm32f4xx_tim.o)
 .debug_ranges  0x0000000000000438      0x1b0 ../../stm_spl//libstm_spl.a(stm32f4xx_rcc.o)
 .debug_ranges  0x00000000000005e8       0x30 ../../stm_spl//libstm_spl.a(misc.o)
