Archive member included to satisfy reference by file (symbol)

../lib/libled.a(ledrgb.o)     main.o (set_color)
../../../common//libstmcommon.a(system_stm32f4xx.o)
                              ../../../common/as/startup_stm32f40_41xxx.o (SystemInit)
../../../stm_spl//libstm_spl.a(stm32f4xx_gpio.o)
                              main.o (GPIO_Init)
../../../stm_spl//libstm_spl.a(stm32f4xx_tim.o)
                              ../lib/libled.a(ledrgb.o) (TIM_TimeBaseInit)
../../../stm_spl//libstm_spl.a(stm32f4xx_exti.o)
                              main.o (EXTI_Init)
../../../stm_spl//libstm_spl.a(stm32f4xx_rcc.o)
                              main.o (RCC_DeInit)
../../../stm_spl//libstm_spl.a(misc.o)
                              main.o (NVIC_Init)
../../../stm_spl//libstm_spl.a(stm32f4xx_syscfg.o)
                              main.o (SYSCFG_EXTILineConfig)
../../../stm_spl//libstm_spl.a(stm32f4xx_usart.o)
                              main.o (USART_Init)

Discarded input sections

 .text          0x0000000000000000        0x0 main.o
 .data          0x0000000000000000        0x0 main.o
 .bss           0x0000000000000000        0x0 main.o
 .text          0x0000000000000000       0x14 ../../../common/as/startup_stm32f40_41xxx.o
 .data          0x0000000000000000        0x0 ../../../common/as/startup_stm32f40_41xxx.o
 .bss           0x0000000000000000        0x0 ../../../common/as/startup_stm32f40_41xxx.o
 .text          0x0000000000000000        0x0 ../lib/libled.a(ledrgb.o)
 .data          0x0000000000000000        0x0 ../lib/libled.a(ledrgb.o)
 .bss           0x0000000000000000        0x0 ../lib/libled.a(ledrgb.o)
 .text          0x0000000000000000        0x0 ../../../common//libstmcommon.a(system_stm32f4xx.o)
 .data          0x0000000000000000        0x0 ../../../common//libstmcommon.a(system_stm32f4xx.o)
 .bss           0x0000000000000000        0x0 ../../../common//libstmcommon.a(system_stm32f4xx.o)
 .data.SystemCoreClock
                0x0000000000000000        0x4 ../../../common//libstmcommon.a(system_stm32f4xx.o)
 .data.AHBPrescTable
                0x0000000000000000       0x10 ../../../common//libstmcommon.a(system_stm32f4xx.o)
 .text.SystemCoreClockUpdate
                0x0000000000000000       0xf8 ../../../common//libstmcommon.a(system_stm32f4xx.o)
 .text          0x0000000000000000        0x0 ../../../stm_spl//libstm_spl.a(stm32f4xx_gpio.o)
 .data          0x0000000000000000        0x0 ../../../stm_spl//libstm_spl.a(stm32f4xx_gpio.o)
 .bss           0x0000000000000000        0x0 ../../../stm_spl//libstm_spl.a(stm32f4xx_gpio.o)
 .text.GPIO_DeInit
                0x0000000000000000      0x164 ../../../stm_spl//libstm_spl.a(stm32f4xx_gpio.o)
 .text.GPIO_PinLockConfig
                0x0000000000000000       0x44 ../../../stm_spl//libstm_spl.a(stm32f4xx_gpio.o)
 .text.GPIO_ReadInputDataBit
                0x0000000000000000       0x34 ../../../stm_spl//libstm_spl.a(stm32f4xx_gpio.o)
 .text.GPIO_ReadInputData
                0x0000000000000000       0x1a ../../../stm_spl//libstm_spl.a(stm32f4xx_gpio.o)
 .text.GPIO_ReadOutputDataBit
                0x0000000000000000       0x34 ../../../stm_spl//libstm_spl.a(stm32f4xx_gpio.o)
 .text.GPIO_ReadOutputData
                0x0000000000000000       0x1a ../../../stm_spl//libstm_spl.a(stm32f4xx_gpio.o)
 .text.GPIO_WriteBit
                0x0000000000000000       0x30 ../../../stm_spl//libstm_spl.a(stm32f4xx_gpio.o)
 .text.GPIO_Write
                0x0000000000000000       0x1e ../../../stm_spl//libstm_spl.a(stm32f4xx_gpio.o)
 .text.GPIO_ToggleBits
                0x0000000000000000       0x24 ../../../stm_spl//libstm_spl.a(stm32f4xx_gpio.o)
 .text          0x0000000000000000        0x0 ../../../stm_spl//libstm_spl.a(stm32f4xx_tim.o)
 .data          0x0000000000000000        0x0 ../../../stm_spl//libstm_spl.a(stm32f4xx_tim.o)
 .bss           0x0000000000000000        0x0 ../../../stm_spl//libstm_spl.a(stm32f4xx_tim.o)
 .text.TIM_DeInit
                0x0000000000000000      0x1c0 ../../../stm_spl//libstm_spl.a(stm32f4xx_tim.o)
 .text.TIM_PrescalerConfig
                0x0000000000000000       0x28 ../../../stm_spl//libstm_spl.a(stm32f4xx_tim.o)
 .text.TIM_CounterModeConfig
                0x0000000000000000       0x38 ../../../stm_spl//libstm_spl.a(stm32f4xx_tim.o)
 .text.TIM_SetCounter
                0x0000000000000000       0x1c ../../../stm_spl//libstm_spl.a(stm32f4xx_tim.o)
 .text.TIM_SetAutoreload
                0x0000000000000000       0x1c ../../../stm_spl//libstm_spl.a(stm32f4xx_tim.o)
 .text.TIM_GetCounter
                0x0000000000000000       0x18 ../../../stm_spl//libstm_spl.a(stm32f4xx_tim.o)
 .text.TIM_GetPrescaler
                0x0000000000000000       0x1a ../../../stm_spl//libstm_spl.a(stm32f4xx_tim.o)
 .text.TIM_UpdateDisableConfig
                0x0000000000000000       0x40 ../../../stm_spl//libstm_spl.a(stm32f4xx_tim.o)
 .text.TIM_UpdateRequestConfig
                0x0000000000000000       0x40 ../../../stm_spl//libstm_spl.a(stm32f4xx_tim.o)
 .text.TIM_ARRPreloadConfig
                0x0000000000000000       0x40 ../../../stm_spl//libstm_spl.a(stm32f4xx_tim.o)
 .text.TIM_SelectOnePulseMode
                0x0000000000000000       0x38 ../../../stm_spl//libstm_spl.a(stm32f4xx_tim.o)
 .text.TIM_SetClockDivision
                0x0000000000000000       0x38 ../../../stm_spl//libstm_spl.a(stm32f4xx_tim.o)
 .text.TIM_OC4Init
                0x0000000000000000       0xd0 ../../../stm_spl//libstm_spl.a(stm32f4xx_tim.o)
 .text.TIM_SelectOCxM
                0x0000000000000000       0xb2 ../../../stm_spl//libstm_spl.a(stm32f4xx_tim.o)
 .text.TIM_SetCompare4
                0x0000000000000000       0x1c ../../../stm_spl//libstm_spl.a(stm32f4xx_tim.o)
 .text.TIM_ForcedOC1Config
                0x0000000000000000       0x38 ../../../stm_spl//libstm_spl.a(stm32f4xx_tim.o)
 .text.TIM_ForcedOC2Config
                0x0000000000000000       0x3c ../../../stm_spl//libstm_spl.a(stm32f4xx_tim.o)
 .text.TIM_ForcedOC3Config
                0x0000000000000000       0x38 ../../../stm_spl//libstm_spl.a(stm32f4xx_tim.o)
 .text.TIM_ForcedOC4Config
                0x0000000000000000       0x3c ../../../stm_spl//libstm_spl.a(stm32f4xx_tim.o)
 .text.TIM_OC4PreloadConfig
                0x0000000000000000       0x3c ../../../stm_spl//libstm_spl.a(stm32f4xx_tim.o)
 .text.TIM_OC1FastConfig
                0x0000000000000000       0x38 ../../../stm_spl//libstm_spl.a(stm32f4xx_tim.o)
 .text.TIM_OC2FastConfig
                0x0000000000000000       0x3c ../../../stm_spl//libstm_spl.a(stm32f4xx_tim.o)
 .text.TIM_OC3FastConfig
                0x0000000000000000       0x38 ../../../stm_spl//libstm_spl.a(stm32f4xx_tim.o)
 .text.TIM_OC4FastConfig
                0x0000000000000000       0x3c ../../../stm_spl//libstm_spl.a(stm32f4xx_tim.o)
 .text.TIM_ClearOC1Ref
                0x0000000000000000       0x38 ../../../stm_spl//libstm_spl.a(stm32f4xx_tim.o)
 .text.TIM_ClearOC2Ref
                0x0000000000000000       0x3c ../../../stm_spl//libstm_spl.a(stm32f4xx_tim.o)
 .text.TIM_ClearOC3Ref
                0x0000000000000000       0x38 ../../../stm_spl//libstm_spl.a(stm32f4xx_tim.o)
 .text.TIM_ClearOC4Ref
                0x0000000000000000       0x3c ../../../stm_spl//libstm_spl.a(stm32f4xx_tim.o)
 .text.TIM_OC1PolarityConfig
                0x0000000000000000       0x38 ../../../stm_spl//libstm_spl.a(stm32f4xx_tim.o)
 .text.TIM_OC1NPolarityConfig
                0x0000000000000000       0x38 ../../../stm_spl//libstm_spl.a(stm32f4xx_tim.o)
 .text.TIM_OC2PolarityConfig
                0x0000000000000000       0x3c ../../../stm_spl//libstm_spl.a(stm32f4xx_tim.o)
 .text.TIM_OC2NPolarityConfig
                0x0000000000000000       0x3c ../../../stm_spl//libstm_spl.a(stm32f4xx_tim.o)
 .text.TIM_OC3PolarityConfig
                0x0000000000000000       0x3c ../../../stm_spl//libstm_spl.a(stm32f4xx_tim.o)
 .text.TIM_OC3NPolarityConfig
                0x0000000000000000       0x3c ../../../stm_spl//libstm_spl.a(stm32f4xx_tim.o)
 .text.TIM_OC4PolarityConfig
                0x0000000000000000       0x3c ../../../stm_spl//libstm_spl.a(stm32f4xx_tim.o)
 .text.TIM_CCxCmd
                0x0000000000000000       0x56 ../../../stm_spl//libstm_spl.a(stm32f4xx_tim.o)
 .text.TIM_CCxNCmd
                0x0000000000000000       0x56 ../../../stm_spl//libstm_spl.a(stm32f4xx_tim.o)
 .text.TIM_ICInit
                0x0000000000000000       0xa8 ../../../stm_spl//libstm_spl.a(stm32f4xx_tim.o)
 .text.TIM_ICStructInit
                0x0000000000000000       0x32 ../../../stm_spl//libstm_spl.a(stm32f4xx_tim.o)
 .text.TIM_PWMIConfig
                0x0000000000000000       0xb8 ../../../stm_spl//libstm_spl.a(stm32f4xx_tim.o)
 .text.TIM_GetCapture1
                0x0000000000000000       0x18 ../../../stm_spl//libstm_spl.a(stm32f4xx_tim.o)
 .text.TIM_GetCapture2
                0x0000000000000000       0x18 ../../../stm_spl//libstm_spl.a(stm32f4xx_tim.o)
 .text.TIM_GetCapture3
                0x0000000000000000       0x18 ../../../stm_spl//libstm_spl.a(stm32f4xx_tim.o)
 .text.TIM_GetCapture4
                0x0000000000000000       0x18 ../../../stm_spl//libstm_spl.a(stm32f4xx_tim.o)
 .text.TIM_SetIC1Prescaler
                0x0000000000000000       0x38 ../../../stm_spl//libstm_spl.a(stm32f4xx_tim.o)
 .text.TIM_SetIC2Prescaler
                0x0000000000000000       0x3c ../../../stm_spl//libstm_spl.a(stm32f4xx_tim.o)
 .text.TIM_SetIC3Prescaler
                0x0000000000000000       0x38 ../../../stm_spl//libstm_spl.a(stm32f4xx_tim.o)
 .text.TIM_SetIC4Prescaler
                0x0000000000000000       0x3c ../../../stm_spl//libstm_spl.a(stm32f4xx_tim.o)
 .text.TIM_BDTRConfig
                0x0000000000000000       0x50 ../../../stm_spl//libstm_spl.a(stm32f4xx_tim.o)
 .text.TIM_BDTRStructInit
                0x0000000000000000       0x3e ../../../stm_spl//libstm_spl.a(stm32f4xx_tim.o)
 .text.TIM_SelectCOM
                0x0000000000000000       0x40 ../../../stm_spl//libstm_spl.a(stm32f4xx_tim.o)
 .text.TIM_CCPreloadControl
                0x0000000000000000       0x40 ../../../stm_spl//libstm_spl.a(stm32f4xx_tim.o)
 .text.TIM_ITConfig
                0x0000000000000000       0x48 ../../../stm_spl//libstm_spl.a(stm32f4xx_tim.o)
 .text.TIM_GenerateEvent
                0x0000000000000000       0x1e ../../../stm_spl//libstm_spl.a(stm32f4xx_tim.o)
 .text.TIM_GetFlagStatus
                0x0000000000000000       0x38 ../../../stm_spl//libstm_spl.a(stm32f4xx_tim.o)
 .text.TIM_ClearFlag
                0x0000000000000000       0x22 ../../../stm_spl//libstm_spl.a(stm32f4xx_tim.o)
 .text.TIM_GetITStatus
                0x0000000000000000       0x54 ../../../stm_spl//libstm_spl.a(stm32f4xx_tim.o)
 .text.TIM_ClearITPendingBit
                0x0000000000000000       0x22 ../../../stm_spl//libstm_spl.a(stm32f4xx_tim.o)
 .text.TIM_DMAConfig
                0x0000000000000000       0x2a ../../../stm_spl//libstm_spl.a(stm32f4xx_tim.o)
 .text.TIM_DMACmd
                0x0000000000000000       0x48 ../../../stm_spl//libstm_spl.a(stm32f4xx_tim.o)
 .text.TIM_SelectCCDMA
                0x0000000000000000       0x40 ../../../stm_spl//libstm_spl.a(stm32f4xx_tim.o)
 .text.TIM_InternalClockConfig
                0x0000000000000000       0x24 ../../../stm_spl//libstm_spl.a(stm32f4xx_tim.o)
 .text.TIM_ITRxExternalClockConfig
                0x0000000000000000       0x2e ../../../stm_spl//libstm_spl.a(stm32f4xx_tim.o)
 .text.TIM_TIxExternalClockConfig
                0x0000000000000000       0x5c ../../../stm_spl//libstm_spl.a(stm32f4xx_tim.o)
 .text.TIM_ETRClockMode1Config
                0x0000000000000000       0x5e ../../../stm_spl//libstm_spl.a(stm32f4xx_tim.o)
 .text.TIM_ETRClockMode2Config
                0x0000000000000000       0x3e ../../../stm_spl//libstm_spl.a(stm32f4xx_tim.o)
 .text.TIM_SelectInputTrigger
                0x0000000000000000       0x38 ../../../stm_spl//libstm_spl.a(stm32f4xx_tim.o)
 .text.TIM_SelectOutputTrigger
                0x0000000000000000       0x38 ../../../stm_spl//libstm_spl.a(stm32f4xx_tim.o)
 .text.TIM_SelectSlaveMode
                0x0000000000000000       0x38 ../../../stm_spl//libstm_spl.a(stm32f4xx_tim.o)
 .text.TIM_SelectMasterSlaveMode
                0x0000000000000000       0x38 ../../../stm_spl//libstm_spl.a(stm32f4xx_tim.o)
 .text.TIM_ETRConfig
                0x0000000000000000       0x54 ../../../stm_spl//libstm_spl.a(stm32f4xx_tim.o)
 .text.TIM_EncoderInterfaceConfig
                0x0000000000000000       0x98 ../../../stm_spl//libstm_spl.a(stm32f4xx_tim.o)
 .text.TIM_SelectHallSensor
                0x0000000000000000       0x40 ../../../stm_spl//libstm_spl.a(stm32f4xx_tim.o)
 .text.TIM_RemapConfig
                0x0000000000000000       0x20 ../../../stm_spl//libstm_spl.a(stm32f4xx_tim.o)
 .text.TI1_Config
                0x0000000000000000       0x86 ../../../stm_spl//libstm_spl.a(stm32f4xx_tim.o)
 .text.TI2_Config
                0x0000000000000000       0x9a ../../../stm_spl//libstm_spl.a(stm32f4xx_tim.o)
 .text.TI3_Config
                0x0000000000000000       0x90 ../../../stm_spl//libstm_spl.a(stm32f4xx_tim.o)
 .text.TI4_Config
                0x0000000000000000       0x9e ../../../stm_spl//libstm_spl.a(stm32f4xx_tim.o)
 .text          0x0000000000000000        0x0 ../../../stm_spl//libstm_spl.a(stm32f4xx_exti.o)
 .data          0x0000000000000000        0x0 ../../../stm_spl//libstm_spl.a(stm32f4xx_exti.o)
 .bss           0x0000000000000000        0x0 ../../../stm_spl//libstm_spl.a(stm32f4xx_exti.o)
 .text.EXTI_DeInit
                0x0000000000000000       0x34 ../../../stm_spl//libstm_spl.a(stm32f4xx_exti.o)
 .text.EXTI_GenerateSWInterrupt
                0x0000000000000000       0x24 ../../../stm_spl//libstm_spl.a(stm32f4xx_exti.o)
 .text.EXTI_GetFlagStatus
                0x0000000000000000       0x34 ../../../stm_spl//libstm_spl.a(stm32f4xx_exti.o)
 .text.EXTI_ClearFlag
                0x0000000000000000       0x20 ../../../stm_spl//libstm_spl.a(stm32f4xx_exti.o)
 .text          0x0000000000000000        0x0 ../../../stm_spl//libstm_spl.a(stm32f4xx_rcc.o)
 .data          0x0000000000000000        0x0 ../../../stm_spl//libstm_spl.a(stm32f4xx_rcc.o)
 .bss           0x0000000000000000        0x0 ../../../stm_spl//libstm_spl.a(stm32f4xx_rcc.o)
 .text.RCC_AdjustHSICalibrationValue
                0x0000000000000000       0x3c ../../../stm_spl//libstm_spl.a(stm32f4xx_rcc.o)
 .text.RCC_HSICmd
                0x0000000000000000       0x20 ../../../stm_spl//libstm_spl.a(stm32f4xx_rcc.o)
 .text.RCC_LSEConfig
                0x0000000000000000       0x44 ../../../stm_spl//libstm_spl.a(stm32f4xx_rcc.o)
 .text.RCC_LSICmd
                0x0000000000000000       0x20 ../../../stm_spl//libstm_spl.a(stm32f4xx_rcc.o)
 .text.RCC_PLLI2SConfig
                0x0000000000000000       0x2c ../../../stm_spl//libstm_spl.a(stm32f4xx_rcc.o)
 .text.RCC_PLLI2SCmd
                0x0000000000000000       0x20 ../../../stm_spl//libstm_spl.a(stm32f4xx_rcc.o)
 .text.RCC_PLLSAIConfig
                0x0000000000000000       0x34 ../../../stm_spl//libstm_spl.a(stm32f4xx_rcc.o)
 .text.RCC_PLLSAICmd
                0x0000000000000000       0x20 ../../../stm_spl//libstm_spl.a(stm32f4xx_rcc.o)
 .text.RCC_ClockSecuritySystemCmd
                0x0000000000000000       0x20 ../../../stm_spl//libstm_spl.a(stm32f4xx_rcc.o)
 .text.RCC_MCO1Config
                0x0000000000000000       0x40 ../../../stm_spl//libstm_spl.a(stm32f4xx_rcc.o)
 .text.RCC_MCO2Config
                0x0000000000000000       0x40 ../../../stm_spl//libstm_spl.a(stm32f4xx_rcc.o)
 .text.RCC_HCLKConfig
                0x0000000000000000       0x38 ../../../stm_spl//libstm_spl.a(stm32f4xx_rcc.o)
 .text.RCC_PCLK1Config
                0x0000000000000000       0x38 ../../../stm_spl//libstm_spl.a(stm32f4xx_rcc.o)
 .text.RCC_PCLK2Config
                0x0000000000000000       0x3c ../../../stm_spl//libstm_spl.a(stm32f4xx_rcc.o)
 .text.RCC_RTCCLKConfig
                0x0000000000000000       0x5c ../../../stm_spl//libstm_spl.a(stm32f4xx_rcc.o)
 .text.RCC_RTCCLKCmd
                0x0000000000000000       0x20 ../../../stm_spl//libstm_spl.a(stm32f4xx_rcc.o)
 .text.RCC_BackupResetCmd
                0x0000000000000000       0x20 ../../../stm_spl//libstm_spl.a(stm32f4xx_rcc.o)
 .text.RCC_I2SCLKConfig
                0x0000000000000000       0x20 ../../../stm_spl//libstm_spl.a(stm32f4xx_rcc.o)
 .text.RCC_SAIBlockACLKConfig
                0x0000000000000000       0x3c ../../../stm_spl//libstm_spl.a(stm32f4xx_rcc.o)
 .text.RCC_SAIBlockBCLKConfig
                0x0000000000000000       0x3c ../../../stm_spl//libstm_spl.a(stm32f4xx_rcc.o)
 .text.RCC_SAIPLLI2SClkDivConfig
                0x0000000000000000       0x40 ../../../stm_spl//libstm_spl.a(stm32f4xx_rcc.o)
 .text.RCC_SAIPLLSAIClkDivConfig
                0x0000000000000000       0x40 ../../../stm_spl//libstm_spl.a(stm32f4xx_rcc.o)
 .text.RCC_LTDCCLKDivConfig
                0x0000000000000000       0x3c ../../../stm_spl//libstm_spl.a(stm32f4xx_rcc.o)
 .text.RCC_TIMCLKPresConfig
                0x0000000000000000       0x20 ../../../stm_spl//libstm_spl.a(stm32f4xx_rcc.o)
 .text.RCC_AHB2PeriphClockCmd
                0x0000000000000000       0x40 ../../../stm_spl//libstm_spl.a(stm32f4xx_rcc.o)
 .text.RCC_AHB3PeriphClockCmd
                0x0000000000000000       0x40 ../../../stm_spl//libstm_spl.a(stm32f4xx_rcc.o)
 .text.RCC_AHB1PeriphResetCmd
                0x0000000000000000       0x40 ../../../stm_spl//libstm_spl.a(stm32f4xx_rcc.o)
 .text.RCC_AHB2PeriphResetCmd
                0x0000000000000000       0x40 ../../../stm_spl//libstm_spl.a(stm32f4xx_rcc.o)
 .text.RCC_AHB3PeriphResetCmd
                0x0000000000000000       0x40 ../../../stm_spl//libstm_spl.a(stm32f4xx_rcc.o)
 .text.RCC_APB1PeriphResetCmd
                0x0000000000000000       0x40 ../../../stm_spl//libstm_spl.a(stm32f4xx_rcc.o)
 .text.RCC_APB2PeriphResetCmd
                0x0000000000000000       0x40 ../../../stm_spl//libstm_spl.a(stm32f4xx_rcc.o)
 .text.RCC_AHB1PeriphClockLPModeCmd
                0x0000000000000000       0x40 ../../../stm_spl//libstm_spl.a(stm32f4xx_rcc.o)
 .text.RCC_AHB2PeriphClockLPModeCmd
                0x0000000000000000       0x40 ../../../stm_spl//libstm_spl.a(stm32f4xx_rcc.o)
 .text.RCC_AHB3PeriphClockLPModeCmd
                0x0000000000000000       0x40 ../../../stm_spl//libstm_spl.a(stm32f4xx_rcc.o)
 .text.RCC_APB1PeriphClockLPModeCmd
                0x0000000000000000       0x40 ../../../stm_spl//libstm_spl.a(stm32f4xx_rcc.o)
 .text.RCC_APB2PeriphClockLPModeCmd
                0x0000000000000000       0x40 ../../../stm_spl//libstm_spl.a(stm32f4xx_rcc.o)
 .text.RCC_LSEModeConfig
                0x0000000000000000       0x3c ../../../stm_spl//libstm_spl.a(stm32f4xx_rcc.o)
 .text.RCC_ITConfig
                0x0000000000000000       0x4c ../../../stm_spl//libstm_spl.a(stm32f4xx_rcc.o)
 .text.RCC_ClearFlag
                0x0000000000000000       0x20 ../../../stm_spl//libstm_spl.a(stm32f4xx_rcc.o)
 .text.RCC_GetITStatus
                0x0000000000000000       0x38 ../../../stm_spl//libstm_spl.a(stm32f4xx_rcc.o)
 .text.RCC_ClearITPendingBit
                0x0000000000000000       0x20 ../../../stm_spl//libstm_spl.a(stm32f4xx_rcc.o)
 .text          0x0000000000000000        0x0 ../../../stm_spl//libstm_spl.a(misc.o)
 .data          0x0000000000000000        0x0 ../../../stm_spl//libstm_spl.a(misc.o)
 .bss           0x0000000000000000        0x0 ../../../stm_spl//libstm_spl.a(misc.o)
 .text.NVIC_PriorityGroupConfig
                0x0000000000000000       0x28 ../../../stm_spl//libstm_spl.a(misc.o)
 .text.NVIC_SetVectorTable
                0x0000000000000000       0x2c ../../../stm_spl//libstm_spl.a(misc.o)
 .text.NVIC_SystemLPConfig
                0x0000000000000000       0x44 ../../../stm_spl//libstm_spl.a(misc.o)
 .text.SysTick_CLKSourceConfig
                0x0000000000000000       0x38 ../../../stm_spl//libstm_spl.a(misc.o)
 .text          0x0000000000000000        0x0 ../../../stm_spl//libstm_spl.a(stm32f4xx_syscfg.o)
 .data          0x0000000000000000        0x0 ../../../stm_spl//libstm_spl.a(stm32f4xx_syscfg.o)
 .bss           0x0000000000000000        0x0 ../../../stm_spl//libstm_spl.a(stm32f4xx_syscfg.o)
 .text.SYSCFG_DeInit
                0x0000000000000000       0x1c ../../../stm_spl//libstm_spl.a(stm32f4xx_syscfg.o)
 .text.SYSCFG_MemoryRemapConfig
                0x0000000000000000       0x20 ../../../stm_spl//libstm_spl.a(stm32f4xx_syscfg.o)
 .text.SYSCFG_MemorySwappingBank
                0x0000000000000000       0x20 ../../../stm_spl//libstm_spl.a(stm32f4xx_syscfg.o)
 .text.SYSCFG_ETH_MediaInterfaceConfig
                0x0000000000000000       0x20 ../../../stm_spl//libstm_spl.a(stm32f4xx_syscfg.o)
 .text.SYSCFG_CompensationCellCmd
                0x0000000000000000       0x20 ../../../stm_spl//libstm_spl.a(stm32f4xx_syscfg.o)
 .text.SYSCFG_GetCompensationCellStatus
                0x0000000000000000       0x34 ../../../stm_spl//libstm_spl.a(stm32f4xx_syscfg.o)
 .text          0x0000000000000000        0x0 ../../../stm_spl//libstm_spl.a(stm32f4xx_usart.o)
 .data          0x0000000000000000        0x0 ../../../stm_spl//libstm_spl.a(stm32f4xx_usart.o)
 .bss           0x0000000000000000        0x0 ../../../stm_spl//libstm_spl.a(stm32f4xx_usart.o)
 .text.USART_DeInit
                0x0000000000000000      0x118 ../../../stm_spl//libstm_spl.a(stm32f4xx_usart.o)
 .text.USART_StructInit
                0x0000000000000000       0x3a ../../../stm_spl//libstm_spl.a(stm32f4xx_usart.o)
 .text.USART_ClockInit
                0x0000000000000000       0x56 ../../../stm_spl//libstm_spl.a(stm32f4xx_usart.o)
 .text.USART_ClockStructInit
                0x0000000000000000       0x2c ../../../stm_spl//libstm_spl.a(stm32f4xx_usart.o)
 .text.USART_SetPrescaler
                0x0000000000000000       0x3a ../../../stm_spl//libstm_spl.a(stm32f4xx_usart.o)
 .text.USART_OverSampling8Cmd
                0x0000000000000000       0x44 ../../../stm_spl//libstm_spl.a(stm32f4xx_usart.o)
 .text.USART_OneBitMethodCmd
                0x0000000000000000       0x40 ../../../stm_spl//libstm_spl.a(stm32f4xx_usart.o)
 .text.USART_ReceiveData
                0x0000000000000000       0x20 ../../../stm_spl//libstm_spl.a(stm32f4xx_usart.o)
 .text.USART_SetAddress
                0x0000000000000000       0x3a ../../../stm_spl//libstm_spl.a(stm32f4xx_usart.o)
 .text.USART_ReceiverWakeUpCmd
                0x0000000000000000       0x40 ../../../stm_spl//libstm_spl.a(stm32f4xx_usart.o)
 .text.USART_WakeUpConfig
                0x0000000000000000       0x38 ../../../stm_spl//libstm_spl.a(stm32f4xx_usart.o)
 .text.USART_LINBreakDetectLengthConfig
                0x0000000000000000       0x38 ../../../stm_spl//libstm_spl.a(stm32f4xx_usart.o)
 .text.USART_LINCmd
                0x0000000000000000       0x40 ../../../stm_spl//libstm_spl.a(stm32f4xx_usart.o)
 .text.USART_SendBreak
                0x0000000000000000       0x24 ../../../stm_spl//libstm_spl.a(stm32f4xx_usart.o)
 .text.USART_HalfDuplexCmd
                0x0000000000000000       0x40 ../../../stm_spl//libstm_spl.a(stm32f4xx_usart.o)
 .text.USART_SetGuardTime
                0x0000000000000000       0x3c ../../../stm_spl//libstm_spl.a(stm32f4xx_usart.o)
 .text.USART_SmartCardCmd
                0x0000000000000000       0x40 ../../../stm_spl//libstm_spl.a(stm32f4xx_usart.o)
 .text.USART_SmartCardNACKCmd
                0x0000000000000000       0x40 ../../../stm_spl//libstm_spl.a(stm32f4xx_usart.o)
 .text.USART_IrDAConfig
                0x0000000000000000       0x38 ../../../stm_spl//libstm_spl.a(stm32f4xx_usart.o)
 .text.USART_IrDACmd
                0x0000000000000000       0x40 ../../../stm_spl//libstm_spl.a(stm32f4xx_usart.o)
 .text.USART_DMACmd
                0x0000000000000000       0x48 ../../../stm_spl//libstm_spl.a(stm32f4xx_usart.o)
 .text.USART_ITConfig
                0x0000000000000000       0x90 ../../../stm_spl//libstm_spl.a(stm32f4xx_usart.o)
 .text.USART_ClearFlag
                0x0000000000000000       0x22 ../../../stm_spl//libstm_spl.a(stm32f4xx_usart.o)
 .text.USART_GetITStatus
                0x0000000000000000       0xb6 ../../../stm_spl//libstm_spl.a(stm32f4xx_usart.o)
 .text.USART_ClearITPendingBit
                0x0000000000000000       0x3a ../../../stm_spl//libstm_spl.a(stm32f4xx_usart.o)

Memory Configuration

Name             Origin             Length             Attributes
RAM              0x0000000020000000 0x0000000000020000 xrw
CCMRAM           0x0000000010000000 0x0000000000010000 xrw
FLASH            0x0000000008000000 0x0000000000100000 xr
FLASHB1          0x0000000000000000 0x0000000000000000 xr
EXTMEMB0         0x0000000000000000 0x0000000000000000 xr
EXTMEMB1         0x0000000000000000 0x0000000000000000 xr
EXTMEMB2         0x0000000000000000 0x0000000000000000 xr
EXTMEMB3         0x0000000000000000 0x0000000000000000 xr
MEMORY_ARRAY     0x0000000020002000 0x0000000000000020 xrw
*default*        0x0000000000000000 0xffffffffffffffff

Linker script and memory map

LOAD main.o
LOAD ../../../common/as/startup_stm32f40_41xxx.o
LOAD ../lib/libled.a
START GROUP
LOAD /usr/lib/gcc/arm-none-eabi/6.3.1/../../../arm-none-eabi/lib/thumb/v7e-m/fpv4-sp/hard/libc.a
LOAD /usr/lib/gcc/arm-none-eabi/6.3.1/thumb/v7e-m/fpv4-sp/hard/libgcc.a
LOAD /usr/lib/gcc/arm-none-eabi/6.3.1/../../../arm-none-eabi/lib/thumb/v7e-m/fpv4-sp/hard/libnosys.a
END GROUP
LOAD ../../../common//libstmcommon.a
LOAD ../../../stm_spl//libstm_spl.a
START GROUP
LOAD /usr/lib/gcc/arm-none-eabi/6.3.1/thumb/v7e-m/fpv4-sp/hard/libgcc.a
LOAD /usr/lib/gcc/arm-none-eabi/6.3.1/../../../arm-none-eabi/lib/thumb/v7e-m/fpv4-sp/hard/libc.a
END GROUP
                0x0000000000004000                __Stack_Size = 0x4000
                [!provide]                        PROVIDE (_Stack_Size, __Stack_Size)
                0x000000002001c000                __Stack_Init = (_estack - __Stack_Size)
                [!provide]                        PROVIDE (_Stack_Init, __Stack_Init)
                0x0000000000004000                _Minimum_Stack_Size = 0x4000
                0x0000000020020000                _estack = 0x20020000

.isr_vector     0x0000000008000000      0x188
                0x0000000008000000                . = ALIGN (0x4)
 *(.isr_vector)
 .isr_vector    0x0000000008000000      0x188 ../../../common/as/startup_stm32f40_41xxx.o
                0x0000000008000000                g_pfnVectors
                0x0000000008000188                . = ALIGN (0x4)

.flashtext      0x0000000008000188        0x0
                0x0000000008000188                . = ALIGN (0x4)
 *(.flashtext)
                0x0000000008000188                . = ALIGN (0x4)

.text           0x0000000008000188     0x1958
                0x0000000008000188                . = ALIGN (0x4)
 *(.text)
 *(.text.*)
 .text.configure_buttons_0
                0x0000000008000188       0x94 main.o
                0x0000000008000188                configure_buttons_0
 .text.configure_buttons_1
                0x000000000800021c       0x94 main.o
                0x000000000800021c                configure_buttons_1
 .text.SetSysClockTo84
                0x00000000080002b0       0x60 main.o
                0x00000000080002b0                SetSysClockTo84
 .text.init_gpio_usart
                0x0000000008000310       0x6c main.o
                0x0000000008000310                init_gpio_usart
 .text.usart_init
                0x000000000800037c       0x48 main.o
                0x000000000800037c                usart_init
 .text.print    0x00000000080003c4       0x50 main.o
                0x00000000080003c4                print
 .text.init_board_led
                0x0000000008000414       0x68 main.o
                0x0000000008000414                init_board_led
 .text.delay    0x000000000800047c       0x2a main.o
                0x000000000800047c                delay
 *fill*         0x00000000080004a6        0x2 
 .text.EXTI0_IRQHandler
                0x00000000080004a8       0x94 main.o
                0x00000000080004a8                EXTI0_IRQHandler
 .text.EXTI1_IRQHandler
                0x000000000800053c       0x94 main.o
                0x000000000800053c                EXTI1_IRQHandler
 .text.main     0x00000000080005d0       0x9c main.o
                0x00000000080005d0                main
 .text.Reset_Handler
                0x000000000800066c       0x44 ../../../common/as/startup_stm32f40_41xxx.o
                0x000000000800066c                Reset_Handler
 .text.Default_Handler
                0x00000000080006b0        0x2 ../../../common/as/startup_stm32f40_41xxx.o
                0x00000000080006b0                RTC_Alarm_IRQHandler
                0x00000000080006b0                HASH_RNG_IRQHandler
                0x00000000080006b0                EXTI2_IRQHandler
                0x00000000080006b0                TIM8_CC_IRQHandler
                0x00000000080006b0                DebugMon_Handler
                0x00000000080006b0                TIM1_CC_IRQHandler
                0x00000000080006b0                DMA2_Stream5_IRQHandler
                0x00000000080006b0                HardFault_Handler
                0x00000000080006b0                DMA1_Stream5_IRQHandler
                0x00000000080006b0                SysTick_Handler
                0x00000000080006b0                PVD_IRQHandler
                0x00000000080006b0                SDIO_IRQHandler
                0x00000000080006b0                TAMP_STAMP_IRQHandler
                0x00000000080006b0                PendSV_Handler
                0x00000000080006b0                NMI_Handler
                0x00000000080006b0                CAN2_RX1_IRQHandler
                0x00000000080006b0                EXTI3_IRQHandler
                0x00000000080006b0                TIM8_TRG_COM_TIM14_IRQHandler
                0x00000000080006b0                TIM1_UP_TIM10_IRQHandler
                0x00000000080006b0                TIM8_UP_TIM13_IRQHandler
                0x00000000080006b0                I2C3_ER_IRQHandler
                0x00000000080006b0                I2C2_EV_IRQHandler
                0x00000000080006b0                DMA1_Stream2_IRQHandler
                0x00000000080006b0                CAN1_RX0_IRQHandler
                0x00000000080006b0                FPU_IRQHandler
                0x00000000080006b0                OTG_HS_WKUP_IRQHandler
                0x00000000080006b0                UsageFault_Handler
                0x00000000080006b0                CAN2_SCE_IRQHandler
                0x00000000080006b0                DMA2_Stream2_IRQHandler
                0x00000000080006b0                SPI1_IRQHandler
                0x00000000080006b0                TIM6_DAC_IRQHandler
                0x00000000080006b0                TIM1_BRK_TIM9_IRQHandler
                0x00000000080006b0                DCMI_IRQHandler
                0x00000000080006b0                CAN2_RX0_IRQHandler
                0x00000000080006b0                DMA2_Stream3_IRQHandler
                0x00000000080006b0                USART6_IRQHandler
                0x00000000080006b0                USART3_IRQHandler
                0x00000000080006b0                CRYP_IRQHandler
                0x00000000080006b0                CAN1_RX1_IRQHandler
                0x00000000080006b0                UART5_IRQHandler
                0x00000000080006b0                DMA2_Stream0_IRQHandler
                0x00000000080006b0                TIM4_IRQHandler
                0x00000000080006b0                I2C1_EV_IRQHandler
                0x00000000080006b0                DMA1_Stream6_IRQHandler
                0x00000000080006b0                DMA1_Stream1_IRQHandler
                0x00000000080006b0                UART4_IRQHandler
                0x00000000080006b0                TIM3_IRQHandler
                0x00000000080006b0                RCC_IRQHandler
                0x00000000080006b0                TIM8_BRK_TIM12_IRQHandler
                0x00000000080006b0                Default_Handler
                0x00000000080006b0                EXTI15_10_IRQHandler
                0x00000000080006b0                ADC_IRQHandler
                0x00000000080006b0                DMA1_Stream7_IRQHandler
                0x00000000080006b0                TIM7_IRQHandler
                0x00000000080006b0                CAN2_TX_IRQHandler
                0x00000000080006b0                TIM5_IRQHandler
                0x00000000080006b0                DMA2_Stream7_IRQHandler
                0x00000000080006b0                I2C3_EV_IRQHandler
                0x00000000080006b0                EXTI9_5_IRQHandler
                0x00000000080006b0                RTC_WKUP_IRQHandler
                0x00000000080006b0                ETH_WKUP_IRQHandler
                0x00000000080006b0                SPI2_IRQHandler
                0x00000000080006b0                OTG_HS_EP1_IN_IRQHandler
                0x00000000080006b0                MemManage_Handler
                0x00000000080006b0                DMA1_Stream0_IRQHandler
                0x00000000080006b0                CAN1_TX_IRQHandler
                0x00000000080006b0                SVC_Handler
                0x00000000080006b0                EXTI4_IRQHandler
                0x00000000080006b0                FSMC_IRQHandler
                0x00000000080006b0                ETH_IRQHandler
                0x00000000080006b0                OTG_HS_EP1_OUT_IRQHandler
                0x00000000080006b0                WWDG_IRQHandler
                0x00000000080006b0                TIM2_IRQHandler
                0x00000000080006b0                OTG_FS_WKUP_IRQHandler
                0x00000000080006b0                TIM1_TRG_COM_TIM11_IRQHandler
                0x00000000080006b0                OTG_HS_IRQHandler
                0x00000000080006b0                USART2_IRQHandler
                0x00000000080006b0                I2C2_ER_IRQHandler
                0x00000000080006b0                DMA2_Stream1_IRQHandler
                0x00000000080006b0                CAN1_SCE_IRQHandler
                0x00000000080006b0                FLASH_IRQHandler
                0x00000000080006b0                DMA2_Stream4_IRQHandler
                0x00000000080006b0                BusFault_Handler
                0x00000000080006b0                USART1_IRQHandler
                0x00000000080006b0                OTG_FS_IRQHandler
                0x00000000080006b0                SPI3_IRQHandler
                0x00000000080006b0                DMA1_Stream4_IRQHandler
                0x00000000080006b0                I2C1_ER_IRQHandler
                0x00000000080006b0                DMA2_Stream6_IRQHandler
                0x00000000080006b0                DMA1_Stream3_IRQHandler
 *fill*         0x00000000080006b2        0x2 
 .text.configure_leds
                0x00000000080006b4       0x60 ../lib/libled.a(ledrgb.o)
                0x00000000080006b4                configure_leds
 .text.configure_timers
                0x0000000008000714       0x58 ../lib/libled.a(ledrgb.o)
                0x0000000008000714                configure_timers
 .text.configure_pwm
                0x000000000800076c       0x68 ../lib/libled.a(ledrgb.o)
                0x000000000800076c                configure_pwm
 .text.start_timers
                0x00000000080007d4       0x14 ../lib/libled.a(ledrgb.o)
                0x00000000080007d4                start_timers
 .text.set_color
                0x00000000080007e8       0x70 ../lib/libled.a(ledrgb.o)
                0x00000000080007e8                set_color
 .text.init_and_start_led
                0x0000000008000858       0x24 ../lib/libled.a(ledrgb.o)
                0x0000000008000858                init_and_start_led
 .text.SystemInit
                0x000000000800087c       0x6c ../../../common//libstmcommon.a(system_stm32f4xx.o)
                0x000000000800087c                SystemInit
 .text.SetSysClock
                0x00000000080008e8       0xf8 ../../../common//libstmcommon.a(system_stm32f4xx.o)
 .text.GPIO_Init
                0x00000000080009e0      0x11c ../../../stm_spl//libstm_spl.a(stm32f4xx_gpio.o)
                0x00000000080009e0                GPIO_Init
 .text.GPIO_StructInit
                0x0000000008000afc       0x34 ../../../stm_spl//libstm_spl.a(stm32f4xx_gpio.o)
                0x0000000008000afc                GPIO_StructInit
 .text.GPIO_SetBits
                0x0000000008000b30       0x1e ../../../stm_spl//libstm_spl.a(stm32f4xx_gpio.o)
                0x0000000008000b30                GPIO_SetBits
 .text.GPIO_ResetBits
                0x0000000008000b4e       0x1e ../../../stm_spl//libstm_spl.a(stm32f4xx_gpio.o)
                0x0000000008000b4e                GPIO_ResetBits
 .text.GPIO_PinAFConfig
                0x0000000008000b6c       0x92 ../../../stm_spl//libstm_spl.a(stm32f4xx_gpio.o)
                0x0000000008000b6c                GPIO_PinAFConfig
 *fill*         0x0000000008000bfe        0x2 
 .text.TIM_TimeBaseInit
                0x0000000008000c00       0xd8 ../../../stm_spl//libstm_spl.a(stm32f4xx_tim.o)
                0x0000000008000c00                TIM_TimeBaseInit
 .text.TIM_TimeBaseStructInit
                0x0000000008000cd8       0x34 ../../../stm_spl//libstm_spl.a(stm32f4xx_tim.o)
                0x0000000008000cd8                TIM_TimeBaseStructInit
 .text.TIM_Cmd  0x0000000008000d0c       0x40 ../../../stm_spl//libstm_spl.a(stm32f4xx_tim.o)
                0x0000000008000d0c                TIM_Cmd
 .text.TIM_OC1Init
                0x0000000008000d4c       0xf4 ../../../stm_spl//libstm_spl.a(stm32f4xx_tim.o)
                0x0000000008000d4c                TIM_OC1Init
 .text.TIM_OC2Init
                0x0000000008000e40      0x110 ../../../stm_spl//libstm_spl.a(stm32f4xx_tim.o)
                0x0000000008000e40                TIM_OC2Init
 .text.TIM_OC3Init
                0x0000000008000f50      0x10c ../../../stm_spl//libstm_spl.a(stm32f4xx_tim.o)
                0x0000000008000f50                TIM_OC3Init
 .text.TIM_OCStructInit
                0x000000000800105c       0x44 ../../../stm_spl//libstm_spl.a(stm32f4xx_tim.o)
                0x000000000800105c                TIM_OCStructInit
 .text.TIM_SetCompare1
                0x00000000080010a0       0x1c ../../../stm_spl//libstm_spl.a(stm32f4xx_tim.o)
                0x00000000080010a0                TIM_SetCompare1
 .text.TIM_SetCompare2
                0x00000000080010bc       0x1c ../../../stm_spl//libstm_spl.a(stm32f4xx_tim.o)
                0x00000000080010bc                TIM_SetCompare2
 .text.TIM_SetCompare3
                0x00000000080010d8       0x1c ../../../stm_spl//libstm_spl.a(stm32f4xx_tim.o)
                0x00000000080010d8                TIM_SetCompare3
 .text.TIM_OC1PreloadConfig
                0x00000000080010f4       0x38 ../../../stm_spl//libstm_spl.a(stm32f4xx_tim.o)
                0x00000000080010f4                TIM_OC1PreloadConfig
 .text.TIM_OC2PreloadConfig
                0x000000000800112c       0x3c ../../../stm_spl//libstm_spl.a(stm32f4xx_tim.o)
                0x000000000800112c                TIM_OC2PreloadConfig
 .text.TIM_OC3PreloadConfig
                0x0000000008001168       0x38 ../../../stm_spl//libstm_spl.a(stm32f4xx_tim.o)
                0x0000000008001168                TIM_OC3PreloadConfig
 .text.TIM_CtrlPWMOutputs
                0x00000000080011a0       0x4c ../../../stm_spl//libstm_spl.a(stm32f4xx_tim.o)
                0x00000000080011a0                TIM_CtrlPWMOutputs
 .text.EXTI_Init
                0x00000000080011ec       0xe4 ../../../stm_spl//libstm_spl.a(stm32f4xx_exti.o)
                0x00000000080011ec                EXTI_Init
 .text.EXTI_StructInit
                0x00000000080012d0       0x2c ../../../stm_spl//libstm_spl.a(stm32f4xx_exti.o)
                0x00000000080012d0                EXTI_StructInit
 .text.EXTI_GetITStatus
                0x00000000080012fc       0x34 ../../../stm_spl//libstm_spl.a(stm32f4xx_exti.o)
                0x00000000080012fc                EXTI_GetITStatus
 .text.EXTI_ClearITPendingBit
                0x0000000008001330       0x20 ../../../stm_spl//libstm_spl.a(stm32f4xx_exti.o)
                0x0000000008001330                EXTI_ClearITPendingBit
 .text.RCC_DeInit
                0x0000000008001350       0x70 ../../../stm_spl//libstm_spl.a(stm32f4xx_rcc.o)
                0x0000000008001350                RCC_DeInit
 .text.RCC_HSEConfig
                0x00000000080013c0       0x28 ../../../stm_spl//libstm_spl.a(stm32f4xx_rcc.o)
                0x00000000080013c0                RCC_HSEConfig
 .text.RCC_WaitForHSEStartUp
                0x00000000080013e8       0x50 ../../../stm_spl//libstm_spl.a(stm32f4xx_rcc.o)
                0x00000000080013e8                RCC_WaitForHSEStartUp
 .text.RCC_PLLConfig
                0x0000000008001438       0x40 ../../../stm_spl//libstm_spl.a(stm32f4xx_rcc.o)
                0x0000000008001438                RCC_PLLConfig
 .text.RCC_PLLCmd
                0x0000000008001478       0x20 ../../../stm_spl//libstm_spl.a(stm32f4xx_rcc.o)
                0x0000000008001478                RCC_PLLCmd
 .text.RCC_SYSCLKConfig
                0x0000000008001498       0x38 ../../../stm_spl//libstm_spl.a(stm32f4xx_rcc.o)
                0x0000000008001498                RCC_SYSCLKConfig
 .text.RCC_GetSYSCLKSource
                0x00000000080014d0       0x20 ../../../stm_spl//libstm_spl.a(stm32f4xx_rcc.o)
                0x00000000080014d0                RCC_GetSYSCLKSource
 .text.RCC_GetClocksFreq
                0x00000000080014f0      0x150 ../../../stm_spl//libstm_spl.a(stm32f4xx_rcc.o)
                0x00000000080014f0                RCC_GetClocksFreq
 .text.RCC_AHB1PeriphClockCmd
                0x0000000008001640       0x40 ../../../stm_spl//libstm_spl.a(stm32f4xx_rcc.o)
                0x0000000008001640                RCC_AHB1PeriphClockCmd
 .text.RCC_APB1PeriphClockCmd
                0x0000000008001680       0x40 ../../../stm_spl//libstm_spl.a(stm32f4xx_rcc.o)
                0x0000000008001680                RCC_APB1PeriphClockCmd
 .text.RCC_APB2PeriphClockCmd
                0x00000000080016c0       0x40 ../../../stm_spl//libstm_spl.a(stm32f4xx_rcc.o)
                0x00000000080016c0                RCC_APB2PeriphClockCmd
 .text.RCC_GetFlagStatus
                0x0000000008001700       0x74 ../../../stm_spl//libstm_spl.a(stm32f4xx_rcc.o)
                0x0000000008001700                RCC_GetFlagStatus
 .text.NVIC_Init
                0x0000000008001774       0xc4 ../../../stm_spl//libstm_spl.a(misc.o)
                0x0000000008001774                NVIC_Init
 .text.SYSCFG_EXTILineConfig
                0x0000000008001838       0x84 ../../../stm_spl//libstm_spl.a(stm32f4xx_syscfg.o)
                0x0000000008001838                SYSCFG_EXTILineConfig
 .text.USART_Init
                0x00000000080018bc      0x174 ../../../stm_spl//libstm_spl.a(stm32f4xx_usart.o)
                0x00000000080018bc                USART_Init
 .text.USART_Cmd
                0x0000000008001a30       0x40 ../../../stm_spl//libstm_spl.a(stm32f4xx_usart.o)
                0x0000000008001a30                USART_Cmd
 .text.USART_SendData
                0x0000000008001a70       0x24 ../../../stm_spl//libstm_spl.a(stm32f4xx_usart.o)
                0x0000000008001a70                USART_SendData
 .text.USART_GetFlagStatus
                0x0000000008001a94       0x38 ../../../stm_spl//libstm_spl.a(stm32f4xx_usart.o)
                0x0000000008001a94                USART_GetFlagStatus
 *(.rodata)
 .rodata        0x0000000008001acc       0x12 main.o
 *(.rodata*)
 *(.glue_7)
 .glue_7        0x0000000008001ade        0x0 linker stubs
 *(.glue_7t)
 .glue_7t       0x0000000008001ade        0x0 linker stubs
                0x0000000008001ae0                . = ALIGN (0x4)
 *fill*         0x0000000008001ade        0x2 
                0x0000000008001ae0                _etext = .
                0x0000000008001ae0                _sidata = _etext

.vfp11_veneer   0x0000000008001ae0        0x0
 .vfp11_veneer  0x0000000008001ae0        0x0 linker stubs

.v4_bx          0x0000000008001ae0        0x0
 .v4_bx         0x0000000008001ae0        0x0 linker stubs

.iplt           0x0000000008001ae0        0x0
 .iplt          0x0000000008001ae0        0x0 main.o

.rel.dyn        0x0000000008001ae0        0x0
 .rel.iplt      0x0000000008001ae0        0x0 main.o

.ROarraySection
 *(.ROarraySection)

.data           0x0000000020000000       0x18 load address 0x0000000008001ae0
                0x0000000020000000                . = ALIGN (0x4)
                0x0000000020000000                _sdata = .
 *(.data)
 *(.data.*)
 .data.color    0x0000000020000000        0x4 main.o
                0x0000000020000000                color
 .data.led      0x0000000020000004        0x4 main.o
                0x0000000020000004                led
 .data.APBAHBPrescTable
                0x0000000020000008       0x10 ../../../stm_spl//libstm_spl.a(stm32f4xx_rcc.o)
                0x0000000020000018                . = ALIGN (0x4)
                0x0000000020000018                _edata = .

.igot.plt       0x0000000020000018        0x0 load address 0x0000000008001af8
 .igot.plt      0x0000000020000018        0x0 main.o

.bss            0x0000000020000018        0x0
                0x0000000020000018                . = ALIGN (0x4)
                0x0000000020000018                _sbss = .
 *(.bss)
 *(COMMON)
                0x0000000020000018                . = ALIGN (0x4)
                0x0000000020000018                _ebss = .
                [!provide]                        PROVIDE (end, _ebss)
                [!provide]                        PROVIDE (_end, _ebss)

.bss.counter    0x0000000020000018        0x4 load address 0x0000000008001af8
 .bss.counter   0x0000000020000018        0x4 main.o
                0x0000000020000018                counter

.bss.state      0x000000002000001c        0x4 load address 0x0000000008001afc
 .bss.state     0x000000002000001c        0x4 main.o
                0x000000002000001c                state

.bss.state_1    0x0000000020000020        0x4 load address 0x0000000008001b00
 .bss.state_1   0x0000000020000020        0x4 main.o
                0x0000000020000020                state_1

._usrstack      0x0000000020000024     0x4000 load address 0x0000000008001b04
                0x0000000020000024                . = ALIGN (0x4)
                0x0000000020000024                _susrstack = .
                0x0000000020004024                . = (. + _Minimum_Stack_Size)
 *fill*         0x0000000020000024     0x4000 
                0x0000000020004024                . = ALIGN (0x4)
                0x0000000020004024                _eusrstack = .

.b1text
 *(.b1text)
 *(.b1rodata)
 *(.b1rodata*)

.eb0text
 *(.eb0text)
 *(.eb0rodata)
 *(.eb0rodata*)

.eb1text
 *(.eb1text)
 *(.eb1rodata)
 *(.eb1rodata*)

.eb2text
 *(.eb2text)
 *(.eb2rodata)
 *(.eb2rodata*)

.eb3text
 *(.eb3text)
 *(.eb3rodata)
 *(.eb3rodata*)

DISCARD
 libc.a(*)
 libm.a(*)
 libgcc.a(*)

.stab
 *(.stab)

.stabstr
 *(.stabstr)

.stab.excl
 *(.stab.excl)

.stab.exclstr
 *(.stab.exclstr)

.stab.index
 *(.stab.index)

.stab.indexstr
 *(.stab.indexstr)

.comment        0x0000000000000000       0x31
 *(.comment)
 .comment       0x0000000000000000       0x31 main.o
                                         0x32 (size before relaxing)
 .comment       0x0000000000000031       0x32 ../lib/libled.a(ledrgb.o)
 .comment       0x0000000000000031       0x32 ../../../common//libstmcommon.a(system_stm32f4xx.o)
 .comment       0x0000000000000031       0x32 ../../../stm_spl//libstm_spl.a(stm32f4xx_gpio.o)
 .comment       0x0000000000000031       0x32 ../../../stm_spl//libstm_spl.a(stm32f4xx_tim.o)
 .comment       0x0000000000000031       0x32 ../../../stm_spl//libstm_spl.a(stm32f4xx_exti.o)
 .comment       0x0000000000000031       0x32 ../../../stm_spl//libstm_spl.a(stm32f4xx_rcc.o)
 .comment       0x0000000000000031       0x32 ../../../stm_spl//libstm_spl.a(misc.o)
 .comment       0x0000000000000031       0x32 ../../../stm_spl//libstm_spl.a(stm32f4xx_syscfg.o)
 .comment       0x0000000000000031       0x32 ../../../stm_spl//libstm_spl.a(stm32f4xx_usart.o)

.ARM.attributes
                0x0000000000000000       0x37
 .ARM.attributes
                0x0000000000000000       0x39 main.o
 .ARM.attributes
                0x0000000000000039       0x21 ../../../common/as/startup_stm32f40_41xxx.o
 .ARM.attributes
                0x000000000000005a       0x39 ../lib/libled.a(ledrgb.o)
 .ARM.attributes
                0x0000000000000093       0x39 ../../../common//libstmcommon.a(system_stm32f4xx.o)
 .ARM.attributes
                0x00000000000000cc       0x39 ../../../stm_spl//libstm_spl.a(stm32f4xx_gpio.o)
 .ARM.attributes
                0x0000000000000105       0x39 ../../../stm_spl//libstm_spl.a(stm32f4xx_tim.o)
 .ARM.attributes
                0x000000000000013e       0x39 ../../../stm_spl//libstm_spl.a(stm32f4xx_exti.o)
 .ARM.attributes
                0x0000000000000177       0x39 ../../../stm_spl//libstm_spl.a(stm32f4xx_rcc.o)
 .ARM.attributes
                0x00000000000001b0       0x39 ../../../stm_spl//libstm_spl.a(misc.o)
 .ARM.attributes
                0x00000000000001e9       0x39 ../../../stm_spl//libstm_spl.a(stm32f4xx_syscfg.o)
 .ARM.attributes
                0x0000000000000222       0x39 ../../../stm_spl//libstm_spl.a(stm32f4xx_usart.o)

.debug
 *(.debug)

.line
 *(.line)

.debug_srcinfo
 *(.debug_srcinfo)

.debug_sfnames
 *(.debug_sfnames)

.debug_aranges  0x0000000000000000      0x810
 *(.debug_aranges)
 .debug_aranges
                0x0000000000000000       0x70 main.o
 .debug_aranges
                0x0000000000000070       0x48 ../lib/libled.a(ledrgb.o)
 .debug_aranges
                0x00000000000000b8       0x30 ../../../common//libstmcommon.a(system_stm32f4xx.o)
 .debug_aranges
                0x00000000000000e8       0x88 ../../../stm_spl//libstm_spl.a(stm32f4xx_gpio.o)
 .debug_aranges
                0x0000000000000170      0x2f8 ../../../stm_spl//libstm_spl.a(stm32f4xx_tim.o)
 .debug_aranges
                0x0000000000000468       0x58 ../../../stm_spl//libstm_spl.a(stm32f4xx_exti.o)
 .debug_aranges
                0x00000000000004c0      0x1c0 ../../../stm_spl//libstm_spl.a(stm32f4xx_rcc.o)
 .debug_aranges
                0x0000000000000680       0x40 ../../../stm_spl//libstm_spl.a(misc.o)
 .debug_aranges
                0x00000000000006c0       0x50 ../../../stm_spl//libstm_spl.a(stm32f4xx_syscfg.o)
 .debug_aranges
                0x0000000000000710      0x100 ../../../stm_spl//libstm_spl.a(stm32f4xx_usart.o)

.debug_pubnames
 *(.debug_pubnames)

.debug_info     0x0000000000000000     0x646b
 *(.debug_info .gnu.linkonce.wi.*)
 .debug_info    0x0000000000000000     0x11cf main.o
 .debug_info    0x00000000000011cf      0x668 ../lib/libled.a(ledrgb.o)
 .debug_info    0x0000000000001837      0x611 ../../../common//libstmcommon.a(system_stm32f4xx.o)
 .debug_info    0x0000000000001e48      0x628 ../../../stm_spl//libstm_spl.a(stm32f4xx_gpio.o)
 .debug_info    0x0000000000002470     0x1c74 ../../../stm_spl//libstm_spl.a(stm32f4xx_tim.o)
 .debug_info    0x00000000000040e4      0x357 ../../../stm_spl//libstm_spl.a(stm32f4xx_exti.o)
 .debug_info    0x000000000000443b      0xe67 ../../../stm_spl//libstm_spl.a(stm32f4xx_rcc.o)
 .debug_info    0x00000000000052a2      0x54d ../../../stm_spl//libstm_spl.a(misc.o)
 .debug_info    0x00000000000057ef      0x2a7 ../../../stm_spl//libstm_spl.a(stm32f4xx_syscfg.o)
 .debug_info    0x0000000000005a96      0x9d5 ../../../stm_spl//libstm_spl.a(stm32f4xx_usart.o)

.debug_abbrev   0x0000000000000000     0x10eb
 *(.debug_abbrev)
 .debug_abbrev  0x0000000000000000      0x2fc main.o
 .debug_abbrev  0x00000000000002fc      0x180 ../lib/libled.a(ledrgb.o)
 .debug_abbrev  0x000000000000047c      0x158 ../../../common//libstmcommon.a(system_stm32f4xx.o)
 .debug_abbrev  0x00000000000005d4      0x1b8 ../../../stm_spl//libstm_spl.a(stm32f4xx_gpio.o)
 .debug_abbrev  0x000000000000078c      0x19a ../../../stm_spl//libstm_spl.a(stm32f4xx_tim.o)
 .debug_abbrev  0x0000000000000926      0x1bc ../../../stm_spl//libstm_spl.a(stm32f4xx_exti.o)
 .debug_abbrev  0x0000000000000ae2      0x1cf ../../../stm_spl//libstm_spl.a(stm32f4xx_rcc.o)
 .debug_abbrev  0x0000000000000cb1      0x172 ../../../stm_spl//libstm_spl.a(misc.o)
 .debug_abbrev  0x0000000000000e23      0x146 ../../../stm_spl//libstm_spl.a(stm32f4xx_syscfg.o)
 .debug_abbrev  0x0000000000000f69      0x182 ../../../stm_spl//libstm_spl.a(stm32f4xx_usart.o)

.debug_line     0x0000000000000000     0x21d1
 *(.debug_line)
 .debug_line    0x0000000000000000      0x36c main.o
 .debug_line    0x000000000000036c      0x1bd ../lib/libled.a(ledrgb.o)
 .debug_line    0x0000000000000529      0x176 ../../../common//libstmcommon.a(system_stm32f4xx.o)
 .debug_line    0x000000000000069f      0x2b0 ../../../stm_spl//libstm_spl.a(stm32f4xx_gpio.o)
 .debug_line    0x000000000000094f      0xa01 ../../../stm_spl//libstm_spl.a(stm32f4xx_tim.o)
 .debug_line    0x0000000000001350      0x1d8 ../../../stm_spl//libstm_spl.a(stm32f4xx_exti.o)
 .debug_line    0x0000000000001528      0x5a3 ../../../stm_spl//libstm_spl.a(stm32f4xx_rcc.o)
 .debug_line    0x0000000000001acb      0x17e ../../../stm_spl//libstm_spl.a(misc.o)
 .debug_line    0x0000000000001c49      0x17e ../../../stm_spl//libstm_spl.a(stm32f4xx_syscfg.o)
 .debug_line    0x0000000000001dc7      0x40a ../../../stm_spl//libstm_spl.a(stm32f4xx_usart.o)

.debug_frame    0x0000000000000000     0x2378
 *(.debug_frame)
 .debug_frame   0x0000000000000000      0x18c main.o
 .debug_frame   0x000000000000018c       0xd8 ../lib/libled.a(ledrgb.o)
 .debug_frame   0x0000000000000264       0x7c ../../../common//libstmcommon.a(system_stm32f4xx.o)
 .debug_frame   0x00000000000002e0      0x23c ../../../stm_spl//libstm_spl.a(stm32f4xx_gpio.o)
 .debug_frame   0x000000000000051c      0xe54 ../../../stm_spl//libstm_spl.a(stm32f4xx_tim.o)
 .debug_frame   0x0000000000001370      0x148 ../../../stm_spl//libstm_spl.a(stm32f4xx_exti.o)
 .debug_frame   0x00000000000014b8      0x83c ../../../stm_spl//libstm_spl.a(stm32f4xx_rcc.o)
 .debug_frame   0x0000000000001cf4       0xd8 ../../../stm_spl//libstm_spl.a(misc.o)
 .debug_frame   0x0000000000001dcc      0x11c ../../../stm_spl//libstm_spl.a(stm32f4xx_syscfg.o)
 .debug_frame   0x0000000000001ee8      0x490 ../../../stm_spl//libstm_spl.a(stm32f4xx_usart.o)

.debug_str      0x0000000000000000     0x2c84
 *(.debug_str)
 .debug_str     0x0000000000000000      0xf39 main.o
                                        0xfd2 (size before relaxing)
 .debug_str     0x0000000000000f39      0x24c ../lib/libled.a(ledrgb.o)
                                        0x5bf (size before relaxing)
 .debug_str     0x0000000000001185      0x208 ../../../common//libstmcommon.a(system_stm32f4xx.o)
                                        0x3eb (size before relaxing)
 .debug_str     0x000000000000138d      0x1b4 ../../../stm_spl//libstm_spl.a(stm32f4xx_gpio.o)
                                        0x4ca (size before relaxing)
 .debug_str     0x0000000000001541      0x9dc ../../../stm_spl//libstm_spl.a(stm32f4xx_tim.o)
                                        0xdfa (size before relaxing)
 .debug_str     0x0000000000001f1d       0xd5 ../../../stm_spl//libstm_spl.a(stm32f4xx_exti.o)
                                        0x376 (size before relaxing)
 .debug_str     0x0000000000001ff2      0x684 ../../../stm_spl//libstm_spl.a(stm32f4xx_rcc.o)
                                        0x9ec (size before relaxing)
 .debug_str     0x0000000000002676      0x136 ../../../stm_spl//libstm_spl.a(misc.o)
                                        0x3f8 (size before relaxing)
 .debug_str     0x00000000000027ac      0x152 ../../../stm_spl//libstm_spl.a(stm32f4xx_syscfg.o)
                                        0x338 (size before relaxing)
 .debug_str     0x00000000000028fe      0x386 ../../../stm_spl//libstm_spl.a(stm32f4xx_usart.o)
                                        0x6b9 (size before relaxing)

.debug_loc
 *(.debug_loc)

.debug_macinfo
 *(.debug_macinfo)

.debug_weaknames
 *(.debug_weaknames)

.debug_funcnames
 *(.debug_funcnames)

.debug_typenames
 *(.debug_typenames)

.debug_varnames
 *(.debug_varnames)
OUTPUT(main.elf elf32-littlearm)

.debug_ranges   0x0000000000000000      0x770
 .debug_ranges  0x0000000000000000       0x60 main.o
 .debug_ranges  0x0000000000000060       0x38 ../lib/libled.a(ledrgb.o)
 .debug_ranges  0x0000000000000098       0x20 ../../../common//libstmcommon.a(system_stm32f4xx.o)
 .debug_ranges  0x00000000000000b8       0x78 ../../../stm_spl//libstm_spl.a(stm32f4xx_gpio.o)
 .debug_ranges  0x0000000000000130      0x2e8 ../../../stm_spl//libstm_spl.a(stm32f4xx_tim.o)
 .debug_ranges  0x0000000000000418       0x48 ../../../stm_spl//libstm_spl.a(stm32f4xx_exti.o)
 .debug_ranges  0x0000000000000460      0x1b0 ../../../stm_spl//libstm_spl.a(stm32f4xx_rcc.o)
 .debug_ranges  0x0000000000000610       0x30 ../../../stm_spl//libstm_spl.a(misc.o)
 .debug_ranges  0x0000000000000640       0x40 ../../../stm_spl//libstm_spl.a(stm32f4xx_syscfg.o)
 .debug_ranges  0x0000000000000680       0xf0 ../../../stm_spl//libstm_spl.a(stm32f4xx_usart.o)
